Archive member included because of file (symbol)

/Applications/MapleIDE.app/Contents/Resources/Java/hardware/tools/arm/bin/../lib/gcc/arm-none-eabi/4.4.1/thumb2/libgcc.a(_arm_addsubdf3.o)
                              build/../../libmaple/wirish/Print.o (__aeabi_dsub)
/Applications/MapleIDE.app/Contents/Resources/Java/hardware/tools/arm/bin/../lib/gcc/arm-none-eabi/4.4.1/thumb2/libgcc.a(_arm_muldivdf3.o)
                              build/../../libmaple/wirish/Print.o (__aeabi_dmul)
/Applications/MapleIDE.app/Contents/Resources/Java/hardware/tools/arm/bin/../lib/gcc/arm-none-eabi/4.4.1/thumb2/libgcc.a(_arm_cmpdf2.o)
                              build/../../libmaple/wirish/Print.o (__aeabi_dcmplt)
/Applications/MapleIDE.app/Contents/Resources/Java/hardware/tools/arm/bin/../lib/gcc/arm-none-eabi/4.4.1/thumb2/libgcc.a(_arm_fixdfsi.o)
                              build/../../libmaple/wirish/Print.o (__aeabi_d2iz)
/Applications/MapleIDE.app/Contents/Resources/Java/hardware/tools/arm/bin/../lib/gcc/arm-none-eabi/4.4.1/thumb2/libgcc.a(_aeabi_ldivmod.o)
                              build/main.o (__aeabi_ldivmod)
/Applications/MapleIDE.app/Contents/Resources/Java/hardware/tools/arm/bin/../lib/gcc/arm-none-eabi/4.4.1/thumb2/libgcc.a(_aeabi_uldivmod.o)
                              build/../../libmaple/wirish/Print.o (__aeabi_uldivmod)
/Applications/MapleIDE.app/Contents/Resources/Java/hardware/tools/arm/bin/../lib/gcc/arm-none-eabi/4.4.1/thumb2/libgcc.a(_fixdfdi.o)
                              build/../../libmaple/wirish/Print.o (__aeabi_d2lz)
/Applications/MapleIDE.app/Contents/Resources/Java/hardware/tools/arm/bin/../lib/gcc/arm-none-eabi/4.4.1/thumb2/libgcc.a(_fixunsdfdi.o)
                              /Applications/MapleIDE.app/Contents/Resources/Java/hardware/tools/arm/bin/../lib/gcc/arm-none-eabi/4.4.1/thumb2/libgcc.a(_fixdfdi.o) (__aeabi_d2ulz)
/Applications/MapleIDE.app/Contents/Resources/Java/hardware/tools/arm/bin/../lib/gcc/arm-none-eabi/4.4.1/thumb2/libgcc.a(bpabi.o)
                              /Applications/MapleIDE.app/Contents/Resources/Java/hardware/tools/arm/bin/../lib/gcc/arm-none-eabi/4.4.1/thumb2/libgcc.a(_aeabi_uldivmod.o) (__gnu_uldivmod_helper)
/Applications/MapleIDE.app/Contents/Resources/Java/hardware/tools/arm/bin/../lib/gcc/arm-none-eabi/4.4.1/thumb2/libgcc.a(_dvmd_tls.o)
                              /Applications/MapleIDE.app/Contents/Resources/Java/hardware/tools/arm/bin/../lib/gcc/arm-none-eabi/4.4.1/thumb2/libgcc.a(_aeabi_ldivmod.o) (__aeabi_ldiv0)
/Applications/MapleIDE.app/Contents/Resources/Java/hardware/tools/arm/bin/../lib/gcc/arm-none-eabi/4.4.1/thumb2/libgcc.a(_arm_fixunsdfsi.o)
                              /Applications/MapleIDE.app/Contents/Resources/Java/hardware/tools/arm/bin/../lib/gcc/arm-none-eabi/4.4.1/thumb2/libgcc.a(_fixunsdfdi.o) (__aeabi_d2uiz)
/Applications/MapleIDE.app/Contents/Resources/Java/hardware/tools/arm/bin/../lib/gcc/arm-none-eabi/4.4.1/thumb2/libgcc.a(_divdi3.o)
                              /Applications/MapleIDE.app/Contents/Resources/Java/hardware/tools/arm/bin/../lib/gcc/arm-none-eabi/4.4.1/thumb2/libgcc.a(bpabi.o) (__divdi3)
/Applications/MapleIDE.app/Contents/Resources/Java/hardware/tools/arm/bin/../lib/gcc/arm-none-eabi/4.4.1/thumb2/libgcc.a(_udivdi3.o)
                              /Applications/MapleIDE.app/Contents/Resources/Java/hardware/tools/arm/bin/../lib/gcc/arm-none-eabi/4.4.1/thumb2/libgcc.a(bpabi.o) (__udivdi3)
/Applications/MapleIDE.app/Contents/Resources/Java/hardware/tools/arm/bin/../lib/gcc/arm-none-eabi/4.4.1/thumb2/libgcc.a(_udivsi3.o)
                              /Applications/MapleIDE.app/Contents/Resources/Java/hardware/tools/arm/bin/../lib/gcc/arm-none-eabi/4.4.1/thumb2/libgcc.a(_divdi3.o) (__aeabi_uidiv)
/Applications/MapleIDE.app/Contents/Resources/Java/hardware/tools/arm/bin/../lib/gcc/arm-none-eabi/4.4.1/../../../../arm-none-eabi/lib/thumb2/libc.a(lib_a-atoi.o)
                              build/main.o (atoi)
/Applications/MapleIDE.app/Contents/Resources/Java/hardware/tools/arm/bin/../lib/gcc/arm-none-eabi/4.4.1/../../../../arm-none-eabi/lib/thumb2/libc.a(lib_a-atoll.o)
                              build/main.o (atoll)
/Applications/MapleIDE.app/Contents/Resources/Java/hardware/tools/arm/bin/../lib/gcc/arm-none-eabi/4.4.1/../../../../arm-none-eabi/lib/thumb2/libc.a(lib_a-errno.o)
                              build/../../libmaple/libmaple/syscalls.o (__errno)
/Applications/MapleIDE.app/Contents/Resources/Java/hardware/tools/arm/bin/../lib/gcc/arm-none-eabi/4.4.1/../../../../arm-none-eabi/lib/thumb2/libc.a(lib_a-impure.o)
                              /Applications/MapleIDE.app/Contents/Resources/Java/hardware/tools/arm/bin/../lib/gcc/arm-none-eabi/4.4.1/../../../../arm-none-eabi/lib/thumb2/libc.a(lib_a-errno.o) (_impure_ptr)
/Applications/MapleIDE.app/Contents/Resources/Java/hardware/tools/arm/bin/../lib/gcc/arm-none-eabi/4.4.1/../../../../arm-none-eabi/lib/thumb2/libc.a(lib_a-memcmp.o)
[...]
Memory Configuration

Name             Origin             Length             Attributes
ram              0x20000c00         0x00004400         xrw
rom              0x08005000         0x0001b000         xr
*default*        0x00000000         0xffffffff

Linker script and memory map

LOAD /Applications/MapleIDE.app/Contents/Resources/Java/hardware/tools/arm/bin/../lib/gcc/arm-none-eabi/4.4.1/thumb2/crti.o
LOAD /Applications/MapleIDE.app/Contents/Resources/Java/hardware/tools/arm/bin/../lib/gcc/arm-none-eabi/4.4.1/thumb2/crtbegin.o
LOAD build/../../libmaple/libmaple/adc.o
LOAD build/../../libmaple/libmaple/bkp.o
LOAD build/../../libmaple/libmaple/dac.o
LOAD build/../../libmaple/libmaple/dma.o
LOAD build/../../libmaple/libmaple/exti.o
LOAD build/../../libmaple/libmaple/flash.o
LOAD build/../../libmaple/libmaple/fsmc.o
LOAD build/../../libmaple/libmaple/gpio.o
LOAD build/../../libmaple/libmaple/iwdg.o
LOAD build/../../libmaple/libmaple/nvic.o
LOAD build/../../libmaple/libmaple/pwr.o
LOAD build/../../libmaple/libmaple/i2c.o
LOAD build/../../libmaple/libmaple/rcc.o
LOAD build/../../libmaple/libmaple/spi.o
LOAD build/../../libmaple/libmaple/syscalls.o
LOAD build/../../libmaple/libmaple/systick.o
LOAD build/../../libmaple/libmaple/timer.o
LOAD build/../../libmaple/libmaple/usart.o
LOAD build/../../libmaple/libmaple/util.o
LOAD build/../../libmaple/libmaple/usb/usb.o
LOAD build/../../libmaple/libmaple/usb/usb_reg_map.o
LOAD build/../../libmaple/libmaple/usb/usb_cdcacm.o
LOAD build/../../libmaple/libmaple/usb/usb_lib/usb_core.o
LOAD build/../../libmaple/libmaple/usb/usb_lib/usb_init.o
LOAD build/../../libmaple/libmaple/usb/usb_lib/usb_mem.o
LOAD build/../../libmaple/libmaple/usb/usb_lib/usb_regs.o
LOAD build/../../libmaple/libmaple/exc.o
LOAD build/../../libmaple/wirish/wirish_math.o
LOAD build/../../libmaple/wirish/Print.o
LOAD build/../../libmaple/wirish/boards.o
LOAD build/../../libmaple/wirish/boards/maple.o
LOAD build/../../libmaple/wirish/boards/maple_mini.o
LOAD build/../../libmaple/wirish/boards/maple_native.o
LOAD build/../../libmaple/wirish/boards/maple_RET6.o
LOAD build/../../libmaple/wirish/boards/olimex_stm32_h103.o
LOAD build/../../libmaple/wirish/comm/HardwareSerial.o
LOAD build/../../libmaple/wirish/comm/HardwareSPI.o
LOAD build/../../libmaple/wirish/HardwareTimer.o
LOAD build/../../libmaple/wirish/usb_serial.o
LOAD build/../../libmaple/wirish/cxxabi-compat.o
LOAD build/../../libmaple/wirish/wirish_shift.o
LOAD build/../../libmaple/wirish/wirish_analog.o
LOAD build/../../libmaple/wirish/wirish_time.o
LOAD build/../../libmaple/wirish/pwm.o
LOAD build/../../libmaple/wirish/ext_interrupts.o
LOAD build/../../libmaple/wirish/wirish_digital.o
LOAD build/../../libmaple/libraries/Servo/Servo.o
LOAD build/../../libmaple/libraries/LiquidCrystal/LiquidCrystal.o
LOAD build/../../libmaple/libraries/Wire/Wire.o
LOAD build/../../libmaple/libraries/SDfat/Sd2Card.o
LOAD build/../../libmaple/libraries/SDfat/SdFile.o
LOAD build/../../libmaple/libraries/SDfat/SdVolume.o
LOAD build/main.o
LOAD /Applications/MapleIDE.app/Contents/Resources/Java/hardware/tools/arm/bin/../lib/gcc/arm-none-eabi/4.4.1/../../../../arm-none-eabi/lib/thumb2/libstdc++.a
LOAD /Applications/MapleIDE.app/Contents/Resources/Java/hardware/tools/arm/bin/../lib/gcc/arm-none-eabi/4.4.1/../../../../arm-none-eabi/lib/thumb2/libm.a
START GROUP
LOAD /Applications/MapleIDE.app/Contents/Resources/Java/hardware/tools/arm/bin/../lib/gcc/arm-none-eabi/4.4.1/thumb2/libgcc.a
LOAD /Applications/MapleIDE.app/Contents/Resources/Java/hardware/tools/arm/bin/../lib/gcc/arm-none-eabi/4.4.1/../../../../arm-none-eabi/lib/thumb2/libc.a
END GROUP
LOAD /Applications/MapleIDE.app/Contents/Resources/Java/hardware/tools/arm/bin/../lib/gcc/arm-none-eabi/4.4.1/thumb2/crtend.o
LOAD /Applications/MapleIDE.app/Contents/Resources/Java/hardware/tools/arm/bin/../lib/gcc/arm-none-eabi/4.4.1/thumb2/crtn.o
START GROUP
LOAD ../../libmaple/support/ld/libcs3_stm32_med_density.a
END GROUP
                0x00000001                _FLASH_BUILD = 0x1
START GROUP
LOAD /Applications/MapleIDE.app/Contents/Resources/Java/hardware/tools/arm/bin/../lib/gcc/arm-none-eabi/4.4.1/thumb2/libgcc.a
LOAD /Applications/MapleIDE.app/Contents/Resources/Java/hardware/tools/arm/bin/../lib/gcc/arm-none-eabi/4.4.1/../../../../arm-none-eabi/lib/thumb2/libc.a
LOAD /Applications/MapleIDE.app/Contents/Resources/Java/hardware/tools/arm/bin/../lib/gcc/arm-none-eabi/4.4.1/../../../../arm-none-eabi/lib/thumb2/libm.a
END GROUP
                0x20005000                PROVIDE (__cs3_stack, (__cs3_region_start_ram + 0x4400))
                0x0800f204                PROVIDE (__cs3_reset, _start)

.text           0x08005000     0xa3a4
                0x08005000                __text_start = .
 *(.stm32.interrupt_vector)
 .stm32.interrupt_vector
                0x08005000       0xec ../../libmaple/support/ld/libcs3_stm32_med_density.a(stm32_vector_table.o)
                0x08005000                __cs3_stm32_vector_table
 *(.text .text.* .gnu.linkonce.t.*)
 .text          0x080050ec       0x30 /Applications/MapleIDE.app/Contents/Resources/Java/hardware/tools/arm/bin/../lib/gcc/arm-none-eabi/4.4.1/thumb2/crtbegin.o
 .text.adc_set_extsel
                0x0800511c       0x10 build/../../libmaple/libmaple/adc.o
                0x0800511c                adc_set_extsel
 .text.adc_foreach
                0x0800512c       0x1c build/../../libmaple/libmaple/adc.o
                0x0800512c                adc_foreach
 .text.adc_set_sample_rate
                0x08005148       0x2e build/../../libmaple/libmaple/adc.o
                0x08005148                adc_set_sample_rate
 .text.adc_init
                0x08005176       0x14 build/../../libmaple/libmaple/adc.o
                0x08005176                adc_init
 .text.bb_perip
                0x0800518a        0xc build/../../libmaple/libmaple/adc.o
 .text.adc_calibrate
                0x08005196       0x2e build/../../libmaple/libmaple/adc.o
                0x08005196                adc_calibrate
 .text.dma_clear_isr_bits
                0x080051c4       0x10 build/../../libmaple/libmaple/dma.o
 .text.dispatch_handler
                0x080051d4       0x1c build/../../libmaple/libmaple/dma.o
 .text.__irq_dma1_channel1
                0x080051f0       0x10 build/../../libmaple/libmaple/dma.o
                0x080051f0                __irq_dma1_channel1
 .text.__irq_dma1_channel2
                0x08005200       0x10 build/../../libmaple/libmaple/dma.o
                0x08005200                __irq_dma1_channel2
 .text.__irq_dma1_channel3
                0x08005210       0x10 build/../../libmaple/libmaple/dma.o
                0x08005210                __irq_dma1_channel3
 .text.__irq_dma1_channel4
                0x08005220       0x10 build/../../libmaple/libmaple/dma.o
                0x08005220                __irq_dma1_channel4
 .text.__irq_dma1_channel5
                0x08005230       0x10 build/../../libmaple/libmaple/dma.o
                0x08005230                __irq_dma1_channel5
 .text.__irq_dma1_channel6
                0x08005240       0x10 build/../../libmaple/libmaple/dma.o
                0x08005240                __irq_dma1_channel6
 .text.__irq_dma1_channel7
                0x08005250       0x10 build/../../libmaple/libmaple/dma.o
                0x08005250                __irq_dma1_channel7
 .text.clear_pending_msk
                0x08005260       0x10 build/../../libmaple/libmaple/exti.o
 .text.dispatch_single_exti
                0x08005270       0x20 build/../../libmaple/libmaple/exti.o
 .text.__irq_exti4
                0x08005290        0x6 build/../../libmaple/libmaple/exti.o
                0x08005290                __irq_exti4
 .text.__irq_exti3
                0x08005296        0x6 build/../../libmaple/libmaple/exti.o
                0x08005296                __irq_exti3
 .text.__irq_exti2
                0x0800529c        0x6 build/../../libmaple/libmaple/exti.o
                0x0800529c                __irq_exti2
 .text.__irq_exti1
                0x080052a2        0x6 build/../../libmaple/libmaple/exti.o
                0x080052a2                __irq_exti1
 .text.__irq_exti0
                0x080052a8        0x6 build/../../libmaple/libmaple/exti.o
                0x080052a8                __irq_exti0
 *fill*         0x080052ae        0x2 00
 .text.dispatch_extis
                0x080052b0       0x44 build/../../libmaple/libmaple/exti.o
 .text.__irq_exti15_10
                0x080052f4        0x8 build/../../libmaple/libmaple/exti.o
                0x080052f4                __irq_exti15_10
 .text.__irq_exti9_5
                0x080052fc        0x8 build/../../libmaple/libmaple/exti.o
                0x080052fc                __irq_exti9_5
 .text.flash_set_latency
                0x08005304       0x14 build/../../libmaple/libmaple/flash.o
                0x08005304                flash_set_latency
 .text.flash_enable_prefetch
                0x08005318        0xc build/../../libmaple/libmaple/flash.o
                0x08005318                flash_enable_prefetch
 .text.gpio_set_mode
                0x08005324       0x56 build/../../libmaple/libmaple/gpio.o
                0x08005324                gpio_set_mode
 .text.afio_init
                0x0800537a       0x12 build/../../libmaple/libmaple/gpio.o
                0x0800537a                afio_init
 .text.gpio_init
                0x0800538c       0x14 build/../../libmaple/libmaple/gpio.o
                0x0800538c                gpio_init
 .text.gpio_init_all
                0x080053a0       0x30 build/../../libmaple/libmaple/gpio.o
                0x080053a0                gpio_init_all
 .text.iwdg_feed
                0x080053d0       0x10 build/../../libmaple/libmaple/iwdg.o
                0x080053d0                iwdg_feed
 .text.iwdg_init
                0x080053e0       0x1c build/../../libmaple/libmaple/iwdg.o
                0x080053e0                iwdg_init
 .text.nvic_irq_set_priority
                0x080053fc       0x2c build/../../libmaple/libmaple/nvic.o
                0x080053fc                nvic_irq_set_priority
 .text.nvic_set_vector_table
                0x08005428       0x14 build/../../libmaple/libmaple/nvic.o
                0x08005428                nvic_set_vector_table
 .text.nvic_init
                0x0800543c       0x24 build/../../libmaple/libmaple/nvic.o
                0x0800543c                nvic_init
 .text.nvic_sys_reset
                0x08005460       0x20 build/../../libmaple/libmaple/nvic.o
                0x08005460                nvic_sys_reset
 .text.i2c_write
                0x08005480        0x6 build/../../libmaple/libmaple/i2c.o
 .text.i2c_start_condition
                0x08005486       0x14 build/../../libmaple/libmaple/i2c.o
 .text.i2c_stop_condition
                0x0800549a       0x1c build/../../libmaple/libmaple/i2c.o
 .text.i2c_enable_irq
                0x080054b6        0xc build/../../libmaple/libmaple/i2c.o
 .text.i2c_disable_irq
                0x080054c2        0xc build/../../libmaple/libmaple/i2c.o
 .text.i2c_disable_ack
                0x080054ce        0xc build/../../libmaple/libmaple/i2c.o
 .text.i2c_irq_error_handler
                0x080054da       0x2a build/../../libmaple/libmaple/i2c.o
 .text.__irq_i2c1_er
                0x08005504        0xc build/../../libmaple/libmaple/i2c.o
                0x08005504                __irq_i2c1_er
 .text.__irq_i2c2_er
                0x08005510        0xc build/../../libmaple/libmaple/i2c.o
                0x08005510                __irq_i2c2_er
 .text.i2c_irq_handler
                0x0800551c      0x158 build/../../libmaple/libmaple/i2c.o
 .text.__irq_i2c2_ev
                0x08005674        0xc build/../../libmaple/libmaple/i2c.o
                0x08005674                __irq_i2c2_ev
 .text.__irq_i2c1_ev
                0x08005680        0xc build/../../libmaple/libmaple/i2c.o
                0x08005680                __irq_i2c1_ev
 .text.rcc_dev_clk
                0x0800568c        0xc build/../../libmaple/libmaple/rcc.o
                0x0800568c                rcc_dev_clk
 .text.rcc_set_prescaler
                0x08005698       0x20 build/../../libmaple/libmaple/rcc.o
                0x08005698                rcc_set_prescaler
 .text.rcc_clk_init
                0x080056b8       0x64 build/../../libmaple/libmaple/rcc.o
                0x080056b8                rcc_clk_init
 .text.bb_peri_set_bit
                0x0800571c        0xe build/../../libmaple/libmaple/rcc.o
 *fill*         0x0800572a        0x2 00
 .text.rcc_reset_dev
                0x0800572c       0x34 build/../../libmaple/libmaple/rcc.o
                0x0800572c                rcc_reset_dev
 .text.rcc_clk_enable
                0x08005760       0x20 build/../../libmaple/libmaple/rcc.o
                0x08005760                rcc_clk_enable
 .text.spi_tx   0x08005780       0x2a build/../../libmaple/libmaple/spi.o
                0x08005780                spi_tx
 .text.spi_gpio_cfg
                0x080057aa       0x66 build/../../libmaple/libmaple/spi.o
                0x080057aa                spi_gpio_cfg
 .text.spi_init
                0x08005810       0x14 build/../../libmaple/libmaple/spi.o
                0x08005810                spi_init
 .text.bb_peri_set_bit
                0x08005824        0xe build/../../libmaple/libmaple/spi.o
 .text.spi_peripheral_enable
                0x08005832        0xa build/../../libmaple/libmaple/spi.o
                0x08005832                spi_peripheral_enable
 .text.spi_peripheral_disable
                0x0800583c        0xa build/../../libmaple/libmaple/spi.o
                0x0800583c                spi_peripheral_disable
 .text.spi_reconfigure
                0x08005846       0x22 build/../../libmaple/libmaple/spi.o
 .text.spi_slave_enable
                0x08005868        0x8 build/../../libmaple/libmaple/spi.o
                0x08005868                spi_slave_enable
 .text.spi_master_enable
                0x08005870        0xc build/../../libmaple/libmaple/spi.o
                0x08005870                spi_master_enable
 .text._sbrk    0x0800587c       0x44 build/../../libmaple/libmaple/syscalls.o
                0x0800587c                _sbrk
 .text.systick_enable
                0x080058c0        0xc build/../../libmaple/libmaple/systick.o
                0x080058c0                systick_enable
 .text.systick_init
                0x080058cc        0xc build/../../libmaple/libmaple/systick.o
                0x080058cc                systick_init
 .text.__exc_systick
                0x080058d8       0x1c build/../../libmaple/libmaple/systick.o
                0x080058d8                __exc_systick
 .text.timer_oc_set_mode
                0x080058f4       0x38 build/../../libmaple/libmaple/timer.o
 .text.timer_disable
                0x0800592c       0x12 build/../../libmaple/libmaple/timer.o
                0x0800592c                timer_disable
 *fill*         0x0800593e        0x2 00
 .text.timer_foreach
                0x08005940       0x30 build/../../libmaple/libmaple/timer.o
                0x08005940                timer_foreach
 .text.dispatch_single_irq
                0x08005970       0x1a build/../../libmaple/libmaple/timer.o
 *fill*         0x0800598a        0x2 00
 .text.__irq_tim1_brk
                0x0800598c       0x10 build/../../libmaple/libmaple/timer.o
                0x0800598c                __irq_tim1_brk
 .text.__irq_tim1_up
                0x0800599c       0x10 build/../../libmaple/libmaple/timer.o
                0x0800599c                __irq_tim1_up
 .text.__irq_tim1_trg_com
                0x080059ac       0x40 build/../../libmaple/libmaple/timer.o
                0x080059ac                __irq_tim1_trg_com
 .text.__irq_tim1_cc
                0x080059ec       0x60 build/../../libmaple/libmaple/timer.o
                0x080059ec                __irq_tim1_cc
 .text.dispatch_general
                0x08005a4c       0x82 build/../../libmaple/libmaple/timer.o
 *fill*         0x08005ace        0x2 00
 .text.__irq_tim4
                0x08005ad0        0xc build/../../libmaple/libmaple/timer.o
                0x08005ad0                __irq_tim4
 .text.__irq_tim3
                0x08005adc        0xc build/../../libmaple/libmaple/timer.o
                0x08005adc                __irq_tim3
 .text.__irq_tim2
                0x08005ae8        0xc build/../../libmaple/libmaple/timer.o
                0x08005ae8                __irq_tim2
 .text.timer_init
                0x08005af4       0x14 build/../../libmaple/libmaple/timer.o
                0x08005af4                timer_init
 .text.bb_perip
                0x08005b08        0xc build/../../libmaple/libmaple/timer.o
 .text.timer_disable_irq
                0x08005b14       0x10 build/../../libmaple/libmaple/timer.o
 .text.timer_detach_interrupt
                0x08005b24       0x14 build/../../libmaple/libmaple/timer.o
                0x08005b24                timer_detach_interrupt
 .text.timer_cc_enable
                0x08005b38       0x14 build/../../libmaple/libmaple/timer.o
 .text.timer_set_mode
                0x08005b4c       0x90 build/../../libmaple/libmaple/timer.o
                0x08005b4c                timer_set_mode
 .text.rb_remove
                0x08005bdc       0x1a build/../../libmaple/libmaple/usart.o
 .text.usart_set_baud_rate
                0x08005bf6       0x34 build/../../libmaple/libmaple/usart.o
                0x08005bf6                usart_set_baud_rate
 .text.usart_enable
                0x08005c2a       0x10 build/../../libmaple/libmaple/usart.o
                0x08005c2a                usart_enable
 .text.usart_disable
                0x08005c3a       0x22 build/../../libmaple/libmaple/usart.o
                0x08005c3a                usart_disable
 .text.usart_foreach
                0x08005c5c       0x24 build/../../libmaple/libmaple/usart.o
                0x08005c5c                usart_foreach
 .text.usart_tx
                0x08005c80       0x1c build/../../libmaple/libmaple/usart.o
                0x08005c80                usart_tx
 .text.usart_putudec
                0x08005c9c       0x44 build/../../libmaple/libmaple/usart.o
                0x08005c9c                usart_putudec
 .text.usart_irq
                0x08005ce0       0x3c build/../../libmaple/libmaple/usart.o
 .text.__irq_usart1
                0x08005d1c        0xc build/../../libmaple/libmaple/usart.o
                0x08005d1c                __irq_usart1
 .text.__irq_usart2
                0x08005d28        0xc build/../../libmaple/libmaple/usart.o
                0x08005d28                __irq_usart2
 .text.__irq_usart3
                0x08005d34        0xc build/../../libmaple/libmaple/usart.o
                0x08005d34                __irq_usart3
 .text.usart_init
                0x08005d40       0x44 build/../../libmaple/libmaple/usart.o
                0x08005d40                usart_init
 .text.nvic_irq_enable
                0x08005d84       0x1c build/../../libmaple/libmaple/util.o
 .text.usart_putc
                0x08005da0       0x1a build/../../libmaple/libmaple/util.o
 .text.usart_putstr
                0x08005dba       0x1a build/../../libmaple/libmaple/util.o
 .text._enable_error_usart
                0x08005dd4       0x34 build/../../libmaple/libmaple/util.o
                0x08005dd4                _enable_error_usart
 .text.T.15     0x08005e08       0x10 build/../../libmaple/libmaple/util.o
 .text.throb    0x08005e18       0x4c build/../../libmaple/libmaple/util.o
                0x08005e18                throb
 .text.__error  0x08005e64       0x48 build/../../libmaple/libmaple/util.o
                0x08005e64                __error
 .text._fail    0x08005eac       0x68 build/../../libmaple/libmaple/util.o
                0x08005eac                _fail
 .text.adc_disable
                0x08005f14       0x12 build/../../libmaple/libmaple/util.o
 *fill*         0x08005f26        0x2 00
 .text.usb_clear_ctr_rx
                0x08005f28       0x18 build/../../libmaple/libmaple/usb/usb.o
 .text.usb_clear_ctr_tx
                0x08005f40       0x18 build/../../libmaple/libmaple/usb/usb.o
 .text.usbSuspend
                0x08005f58       0x24 build/../../libmaple/libmaple/usb/usb.o
                0x08005f58                usbSuspend
 .text.usbResumeInit
                0x08005f7c       0x1c build/../../libmaple/libmaple/usb/usb.o
                0x08005f7c                usbResumeInit
 .text.usbResume
                0x08005f98       0x90 build/../../libmaple/libmaple/usb/usb.o
                0x08005f98                usbResume
 .text.usbIsConfigured
                0x08006028       0x14 build/../../libmaple/libmaple/usb/usb.o
                0x08006028                usbIsConfigured
 .text.usbIsConnected
                0x0800603c       0x14 build/../../libmaple/libmaple/usb/usb.o
                0x0800603c                usbIsConnected
 .text.handle_in0
                0x08006050        0x4 build/../../libmaple/libmaple/usb/usb.o
 .text.usb_init_usblib
                0x08006054       0x4c build/../../libmaple/libmaple/usb/usb.o
                0x08006054                usb_init_usblib
 .text.usbWaitReset
                0x080060a0       0x10 build/../../libmaple/libmaple/usb/usb.o
                0x080060a0                usbWaitReset
 .text.set_rx_tx_status0
                0x080060b0       0x38 build/../../libmaple/libmaple/usb/usb.o
 .text.__irq_usb_lp_can_rx0
                0x080060e8      0x18c build/../../libmaple/libmaple/usb/usb.o
                0x080060e8                __irq_usb_lp_can_rx0
 .text.usb_pma_ptr
                0x08006274        0xc build/../../libmaple/libmaple/usb/usb_reg_map.o
 .text.usb_copy_to_pma
                0x08006280       0x44 build/../../libmaple/libmaple/usb/usb_reg_map.o
                0x08006280                usb_copy_to_pma
 .text.usb_copy_from_pma
                0x080062c4       0x30 build/../../libmaple/libmaple/usb/usb_reg_map.o
                0x080062c4                usb_copy_from_pma
 .text.usb_set_ep_rx_count
                0x080062f4       0x40 build/../../libmaple/libmaple/usb/usb_reg_map.o
                0x080062f4                usb_set_ep_rx_count
 .text.gpio_write_bit
                0x08006334       0x18 build/../../libmaple/libmaple/usb/usb_cdcacm.o
 .text.usb_set_ep_rx_stat
                0x0800634c       0x24 build/../../libmaple/libmaple/usb/usb_cdcacm.o
 .text.usb_set_ep_tx_stat
                0x08006370       0x24 build/../../libmaple/libmaple/usb/usb_cdcacm.o
 .text.usb_set_ep_type
                0x08006394       0x1c build/../../libmaple/libmaple/usb/usb_cdcacm.o
 .text.usb_btable_ptr
                0x080063b0       0x18 build/../../libmaple/libmaple/usb/usb_cdcacm.o
 .text.usb_set_ep_tx_addr
                0x080063c8       0x12 build/../../libmaple/libmaple/usb/usb_cdcacm.o
 .text.usb_set_ep_rx_addr
                0x080063da       0x14 build/../../libmaple/libmaple/usb/usb_cdcacm.o
 *fill*         0x080063ee        0x2 00
 .text.usb_cdcacm_data_available
                0x080063f0        0xc build/../../libmaple/libmaple/usb/usb_cdcacm.o
                0x080063f0                usb_cdcacm_data_available
 .text.usb_cdcacm_get_dtr
                0x080063fc       0x10 build/../../libmaple/libmaple/usb/usb_cdcacm.o
                0x080063fc                usb_cdcacm_get_dtr
 .text.usb_cdcacm_get_rts
                0x0800640c       0x10 build/../../libmaple/libmaple/usb/usb_cdcacm.o
                0x0800640c                usb_cdcacm_get_rts
 .text.vcomDataTxCb
                0x0800641c        0xc build/../../libmaple/libmaple/usb/usb_cdcacm.o
 .text.vcomGetSetLineCoding
                0x08006428       0x18 build/../../libmaple/libmaple/usb/usb_cdcacm.o
 .text.usbDataSetup
                0x08006440       0x40 build/../../libmaple/libmaple/usb/usb_cdcacm.o
 .text.usbNoDataSetup
                0x08006480       0x64 build/../../libmaple/libmaple/usb/usb_cdcacm.o
 .text.usbGetInterfaceSetting
                0x080064e4        0xe build/../../libmaple/libmaple/usb/usb_cdcacm.o
 *fill*         0x080064f2        0x2 00
 .text.usbSetConfiguration
                0x080064f4       0x1c build/../../libmaple/libmaple/usb/usb_cdcacm.o
 .text.usbSetDeviceAddress
                0x08006510       0x10 build/../../libmaple/libmaple/usb/usb_cdcacm.o
 .text.usbGetStringDescriptor
                0x08006520       0x20 build/../../libmaple/libmaple/usb/usb_cdcacm.o
 .text.usbGetConfigDescriptor
                0x08006540        0xc build/../../libmaple/libmaple/usb/usb_cdcacm.o
 .text.usbGetDeviceDescriptor
                0x0800654c        0xc build/../../libmaple/libmaple/usb/usb_cdcacm.o
 .text.usb_cdcacm_rx
                0x08006558       0x60 build/../../libmaple/libmaple/usb/usb_cdcacm.o
                0x08006558                usb_cdcacm_rx
 .text.usb_cdcacm_enable
                0x080065b8       0x2c build/../../libmaple/libmaple/usb/usb_cdcacm.o
                0x080065b8                usb_cdcacm_enable
 .text.usbInit  0x080065e4       0x44 build/../../libmaple/libmaple/usb/usb_cdcacm.o
 .text.vcomDataRxCb
                0x08006628       0xbc build/../../libmaple/libmaple/usb/usb_cdcacm.o
 .text.usbReset
                0x080066e4      0x104 build/../../libmaple/libmaple/usb/usb_cdcacm.o
 .text.usb_cdcacm_tx
                0x080067e8       0x44 build/../../libmaple/libmaple/usb/usb_cdcacm.o
                0x080067e8                usb_cdcacm_tx
 .text.Standard_GetConfiguration
                0x0800682c       0x28 build/../../libmaple/libmaple/usb/usb_lib/usb_core.o
                0x0800682c                Standard_GetConfiguration
 .text.Standard_SetConfiguration
                0x08006854       0x38 build/../../libmaple/libmaple/usb/usb_lib/usb_core.o
                0x08006854                Standard_SetConfiguration
 .text.Standard_GetInterface
                0x0800688c       0x28 build/../../libmaple/libmaple/usb/usb_lib/usb_core.o
                0x0800688c                Standard_GetInterface
 .text.Standard_SetInterface
                0x080068b4       0x48 build/../../libmaple/libmaple/usb/usb_lib/usb_core.o
                0x080068b4                Standard_SetInterface
 .text.Standard_GetStatus
                0x080068fc       0xa4 build/../../libmaple/libmaple/usb/usb_lib/usb_core.o
                0x080068fc                Standard_GetStatus
 .text.Standard_SetEndPointFeature
                0x080069a0       0x84 build/../../libmaple/libmaple/usb/usb_lib/usb_core.o
                0x080069a0                Standard_SetEndPointFeature
 .text.Standard_SetDeviceFeature
                0x08006a24       0x24 build/../../libmaple/libmaple/usb/usb_lib/usb_core.o
                0x08006a24                Standard_SetDeviceFeature
 .text.Standard_GetDescriptorData
                0x08006a48       0x1c build/../../libmaple/libmaple/usb/usb_lib/usb_core.o
                0x08006a48                Standard_GetDescriptorData
 .text.SetDeviceAddress
                0x08006a64       0x44 build/../../libmaple/libmaple/usb/usb_lib/usb_core.o
                0x08006a64                SetDeviceAddress
 .text.NOP_Process
                0x08006aa8        0x2 build/../../libmaple/libmaple/usb/usb_lib/usb_core.o
                0x08006aa8                NOP_Process
 *fill*         0x08006aaa        0x2 00
 .text.Post0_Process
                0x08006aac       0x44 build/../../libmaple/libmaple/usb/usb_lib/usb_core.o
                0x08006aac                Post0_Process
 .text.Out0_Process
                0x08006af0       0xd4 build/../../libmaple/libmaple/usb/usb_lib/usb_core.o
                0x08006af0                Out0_Process
 .text.DataStageIn
                0x08006bc4       0xac build/../../libmaple/libmaple/usb/usb_lib/usb_core.o
 .text.In0_Process
                0x08006c70       0x60 build/../../libmaple/libmaple/usb/usb_lib/usb_core.o
                0x08006c70                In0_Process
 .text.Standard_ClearFeature
                0x08006cd0       0xd4 build/../../libmaple/libmaple/usb/usb_lib/usb_core.o
                0x08006cd0                Standard_ClearFeature
 .text.Setup0_Process
                0x08006da4      0x304 build/../../libmaple/libmaple/usb/usb_lib/usb_core.o
                0x08006da4                Setup0_Process
 .text.UserToPMABufferCopy
                0x080070a8       0x2e build/../../libmaple/libmaple/usb/usb_lib/usb_mem.o
                0x080070a8                UserToPMABufferCopy
 .text.PMAToUserBufferCopy
                0x080070d6       0x24 build/../../libmaple/libmaple/usb/usb_lib/usb_mem.o
                0x080070d6                PMAToUserBufferCopy
 .text.SetEPTxStatus
                0x080070fa       0x2c build/../../libmaple/libmaple/usb/usb_lib/usb_regs.o
                0x080070fa                SetEPTxStatus
 .text.ClearDTOG_RX
                0x08007126       0x24 build/../../libmaple/libmaple/usb/usb_lib/usb_regs.o
                0x08007126                ClearDTOG_RX
 .text.ClearDTOG_TX
                0x0800714a       0x24 build/../../libmaple/libmaple/usb/usb_lib/usb_regs.o
                0x0800714a                ClearDTOG_TX
 *fill*         0x0800716e        0x2 00
 .text.GetEPTxAddr
                0x08007170       0x1c build/../../libmaple/libmaple/usb/usb_lib/usb_regs.o
                0x08007170                GetEPTxAddr
 .text.GetEPRxAddr
                0x0800718c       0x1c build/../../libmaple/libmaple/usb/usb_lib/usb_regs.o
                0x0800718c                GetEPRxAddr
 .text.SetEPTxCount
                0x080071a8       0x1c build/../../libmaple/libmaple/usb/usb_lib/usb_regs.o
                0x080071a8                SetEPTxCount
 .text.SetEPRxCount
                0x080071c4       0x40 build/../../libmaple/libmaple/usb/usb_lib/usb_regs.o
                0x080071c4                SetEPRxCount
 .text.ByteSwap
                0x08007204        0xa build/../../libmaple/libmaple/usb/usb_lib/usb_regs.o
                0x08007204                ByteSwap
 *fill*         0x0800720e        0x2 00
 .text          0x08007210       0x60 build/../../libmaple/libmaple/exc.o
                0x08007210                __exc_nmi
                0x08007214                __exc_hardfault
                0x08007218                __exc_memmanage
                0x0800721c                __exc_busfault
                0x08007220                __exc_usagefault
 .text._ZN5Print5writeEPKc
                0x08007270       0x1c build/../../libmaple/wirish/Print.o
                0x08007270                _ZN5Print5writeEPKc
 .text._ZN5Print5writeEPKvj
                0x0800728c       0x20 build/../../libmaple/wirish/Print.o
                0x0800728c                _ZN5Print5writeEPKvj
 .text._ZN5Print5printEc
                0x080072ac        0xa build/../../libmaple/wirish/Print.o
                0x080072ac                _ZN5Print5printEc
 .text._ZN5Print5printEPKc
                0x080072b6        0xa build/../../libmaple/wirish/Print.o
                0x080072b6                _ZN5Print5printEPKc
 .text._ZN5Print7printlnEv
                0x080072c0       0x16 build/../../libmaple/wirish/Print.o
                0x080072c0                _ZN5Print7printlnEv
 .text._ZN5Print7printlnEPKc
                0x080072d6       0x12 build/../../libmaple/wirish/Print.o
                0x080072d6                _ZN5Print7printlnEPKc
 .text._ZN5Print11printNumberEyh
                0x080072e8       0x7c build/../../libmaple/wirish/Print.o
                0x080072e8                _ZN5Print11printNumberEyh
 .text._ZN5Print5printEyi
                0x08007364       0x1e build/../../libmaple/wirish/Print.o
                0x08007364                _ZN5Print5printEyi
 .text._ZN5Print5printEmi
                0x08007382        0xe build/../../libmaple/wirish/Print.o
                0x08007382                _ZN5Print5printEmi
 .text._ZN5Print5printExi
                0x08007390       0x40 build/../../libmaple/wirish/Print.o
                0x08007390                _ZN5Print5printExi
 .text._ZN5Print5printEii
                0x080073d0       0x10 build/../../libmaple/wirish/Print.o
                0x080073d0                _ZN5Print5printEii
 .text._Z4initv
                0x080073e0       0x88 build/../../libmaple/wirish/boards.o
                0x080073e0                _Z4initv
 .text._ZL8bb_peripPVvj
                0x08007468        0xc build/../../libmaple/wirish/boards.o
 .text._ZL16adcDefaultConfigPK7adc_dev
                0x08007474       0x3e build/../../libmaple/wirish/boards.o
 .text._ZL18timerDefaultConfigP9timer_dev
                0x080074b2       0x98 build/../../libmaple/wirish/boards.o
 *fill*         0x0800754a        0x2 00
 .text._GLOBAL__I__Z9boardInitv
                0x0800754c      0x118 build/../../libmaple/wirish/boards/maple_mini.o
 .text._Z9boardInitv
                0x08007664       0x14 build/../../libmaple/wirish/boards/maple_mini.o
                0x08007664                _Z9boardInitv
 .text._ZN5PrintC2Ev
                0x08007678        0xc build/../../libmaple/wirish/comm/HardwareSerial.o
                0x08007678                _ZN5PrintC2Ev
 .text._ZN14HardwareSerialC1EP9usart_devhhj
                0x08007684       0x24 build/../../libmaple/wirish/comm/HardwareSerial.o
                0x08007684                _ZN14HardwareSerialC1EP9usart_devhhj
 .text._ZN14HardwareSerial4readEv
                0x080076a8       0x1c build/../../libmaple/wirish/comm/HardwareSerial.o
                0x080076a8                _ZN14HardwareSerial4readEv
 .text._ZN14HardwareSerial9availableEv
                0x080076c4       0x22 build/../../libmaple/wirish/comm/HardwareSerial.o
                0x080076c4                _ZN14HardwareSerial9availableEv
 .text._ZN14HardwareSerial5flushEv
                0x080076e6        0xa build/../../libmaple/wirish/comm/HardwareSerial.o
                0x080076e6                _ZN14HardwareSerial5flushEv
 .text._ZN14HardwareSerial5writeEh
                0x080076f0       0x1a build/../../libmaple/wirish/comm/HardwareSerial.o
                0x080076f0                _ZN14HardwareSerial5writeEh
 *fill*         0x0800770a        0x2 00
 .text._ZN14HardwareSerial5beginEj
                0x0800770c       0x8c build/../../libmaple/wirish/comm/HardwareSerial.o
                0x0800770c                _ZN14HardwareSerial5beginEj
 .text._GLOBAL__I_Serial1
                0x08007798       0x58 build/../../libmaple/wirish/comm/HardwareSerial.o
 .text.spi_is_rx_nonempty
                0x080077f0        0xa build/../../libmaple/wirish/comm/HardwareSPI.o
 .text._ZN11HardwareSPI4readEPhj
                0x080077fa       0x26 build/../../libmaple/wirish/comm/HardwareSPI.o
                0x080077fa                _ZN11HardwareSPI4readEPhj
 .text._ZN11HardwareSPI4readEv
                0x08007820       0x10 build/../../libmaple/wirish/comm/HardwareSPI.o
                0x08007820                _ZN11HardwareSPI4readEv
 .text._ZL15dev_to_spi_pinsP7spi_dev
                0x08007830       0x1c build/../../libmaple/wirish/comm/HardwareSPI.o
 .text._ZN11HardwareSPI6nssPinEv
                0x0800784c        0xc build/../../libmaple/wirish/comm/HardwareSPI.o
                0x0800784c                _ZN11HardwareSPI6nssPinEv
 .text._ZN11HardwareSPI5writeEPKhj
                0x08007858       0x1e build/../../libmaple/wirish/comm/HardwareSPI.o
                0x08007858                _ZN11HardwareSPI5writeEPKhj
 .text._ZN11HardwareSPI5writeEh
                0x08007876       0x12 build/../../libmaple/wirish/comm/HardwareSPI.o
                0x08007876                _ZN11HardwareSPI5writeEh
 .text._ZN11HardwareSPI4sendEPhj
                0x08007888       0x24 build/../../libmaple/wirish/comm/HardwareSPI.o
                0x08007888                _ZN11HardwareSPI4sendEPhj
 .text._ZN11HardwareSPI4sendEh
                0x080078ac       0x12 build/../../libmaple/wirish/comm/HardwareSPI.o
                0x080078ac                _ZN11HardwareSPI4sendEh
 *fill*         0x080078be        0x2 00
 .text._ZN11HardwareSPIC1Ej
                0x080078c0       0x38 build/../../libmaple/wirish/comm/HardwareSPI.o
                0x080078c0                _ZN11HardwareSPIC1Ej
 .text._ZL11disable_pwmPK14stm32_pin_info
                0x080078f8       0x10 build/../../libmaple/wirish/comm/HardwareSPI.o
 .text._ZL13enable_deviceP7spi_devb12SPIFrequency12spi_cfg_flag8spi_mode
                0x08007908      0x110 build/../../libmaple/wirish/comm/HardwareSPI.o
 .text._ZN11HardwareSPI5beginE12SPIFrequencyjj
                0x08007a18       0x3c build/../../libmaple/wirish/comm/HardwareSPI.o
                0x08007a18                _ZN11HardwareSPI5beginE12SPIFrequencyjj
 .text._ZN13HardwareTimerC1Eh
                0x08007a54       0x58 build/../../libmaple/wirish/HardwareTimer.o
                0x08007a54                _ZN13HardwareTimerC1Eh
 .text._GLOBAL__I__ZN13HardwareTimerC2Eh
                0x08007aac       0x38 build/../../libmaple/wirish/HardwareTimer.o
 .text._ZN9USBSerialC1Ev
                0x08007ae4       0x14 build/../../libmaple/wirish/usb_serial.o
                0x08007ae4                _ZN9USBSerialC1Ev
 .text._ZN9USBSerial5writeEh
                0x08007af8       0x14 build/../../libmaple/wirish/usb_serial.o
                0x08007af8                _ZN9USBSerial5writeEh
 .text._ZN9USBSerial6getRTSEv
                0x08007b0c        0x4 build/../../libmaple/wirish/usb_serial.o
                0x08007b0c                _ZN9USBSerial6getRTSEv
 .text._ZN9USBSerial6getDTREv
                0x08007b10        0x4 build/../../libmaple/wirish/usb_serial.o
                0x08007b10                _ZN9USBSerial6getDTREv
 .text._ZN9USBSerial11isConnectedEv
                0x08007b14       0x16 build/../../libmaple/wirish/usb_serial.o
                0x08007b14                _ZN9USBSerial11isConnectedEv
 .text._ZN9USBSerial4readEPvj
                0x08007b2a       0x22 build/../../libmaple/wirish/usb_serial.o
                0x08007b2a                _ZN9USBSerial4readEPvj
 .text._ZN9USBSerial4readEv
                0x08007b4c       0x12 build/../../libmaple/wirish/usb_serial.o
                0x08007b4c                _ZN9USBSerial4readEv
 .text._ZN9USBSerial9availableEv
                0x08007b5e        0x4 build/../../libmaple/wirish/usb_serial.o
                0x08007b5e                _ZN9USBSerial9availableEv
 *fill*         0x08007b62        0x2 00
 .text._ZN9USBSerial5writeEPKvj
                0x08007b64       0x58 build/../../libmaple/wirish/usb_serial.o
                0x08007b64                _ZN9USBSerial5writeEPKvj
 .text._ZN9USBSerial5writeEPKc
                0x08007bbc       0x1a build/../../libmaple/wirish/usb_serial.o
                0x08007bbc                _ZN9USBSerial5writeEPKc
 *fill*         0x08007bd6        0x2 00
 .text._ZN9USBSerial5beginEv
                0x08007bd8       0x10 build/../../libmaple/wirish/usb_serial.o
                0x08007bd8                _ZN9USBSerial5beginEv
 .text._GLOBAL__I__ZN9USBSerialC2Ev
                0x08007be8        0xc build/../../libmaple/wirish/usb_serial.o
 .text.__cxa_pure_virtual
                0x08007bf4        0x2 build/../../libmaple/wirish/cxxabi-compat.o
                0x08007bf4                __cxa_pure_virtual
 .text._Z17delayMicrosecondsj
                0x08007bf6        0xe build/../../libmaple/wirish/wirish_time.o
                0x08007bf6                _Z17delayMicrosecondsj
 .text._Z5delaym
                0x08007c04       0x18 build/../../libmaple/wirish/wirish_time.o
                0x08007c04                _Z5delaym
 .text._Z12digitalWritehh
                0x08007c1c       0x30 build/../../libmaple/wirish/wirish_digital.o
                0x08007c1c                _Z12digitalWritehh
 .text._Z9togglePinh
                0x08007c4c       0x24 build/../../libmaple/wirish/wirish_digital.o
                0x08007c4c                _Z9togglePinh
 .text._Z7pinModeh13WiringPinMode
                0x08007c70       0x88 build/../../libmaple/wirish/wirish_digital.o
                0x08007c70                _Z7pinModeh13WiringPinMode
 .text._ZN7TwoWireC1Ev
                0x08007cf8       0x20 build/../../libmaple/libraries/Wire/Wire.o
                0x08007cf8                _ZN7TwoWireC1Ev
 .text._GLOBAL__I_i2c_delay
                0x08007d18        0xc build/../../libmaple/libraries/Wire/Wire.o
 .text._ZN7Sd2Card5errorEh
                0x08007d24        0x4 build/../../libmaple/libraries/SDfat/Sd2Card.o
                0x08007d24                _ZN7Sd2Card5errorEh
 .text._ZN7Sd2Card4typeEh
                0x08007d28        0x4 build/../../libmaple/libraries/SDfat/Sd2Card.o
                0x08007d28                _ZN7Sd2Card4typeEh
 .text._ZL7spiSendh
                0x08007d2c       0x10 build/../../libmaple/libraries/SDfat/Sd2Card.o
 .text._ZL6spiRecv
                0x08007d3c       0x10 build/../../libmaple/libraries/SDfat/Sd2Card.o
 .text._ZN7Sd2Card11waitNotBusyEt
                0x08007d4c       0x2c build/../../libmaple/libraries/SDfat/Sd2Card.o
                0x08007d4c                _ZN7Sd2Card11waitNotBusyEt
 .text._ZN7Sd2Card13chipSelectLowEv
                0x08007d78       0x18 build/../../libmaple/libraries/SDfat/Sd2Card.o
                0x08007d78                _ZN7Sd2Card13chipSelectLowEv
 .text._ZN7Sd2Card14chipSelectHighEv
                0x08007d90       0x18 build/../../libmaple/libraries/SDfat/Sd2Card.o
                0x08007d90                _ZN7Sd2Card14chipSelectHighEv
 .text._ZN7Sd2Card9writeDataEhPKh
                0x08007da8       0x68 build/../../libmaple/libraries/SDfat/Sd2Card.o
                0x08007da8                _ZN7Sd2Card9writeDataEhPKh
 .text._ZN7Sd2Card14waitStartBlockEv
                0x08007e10       0x70 build/../../libmaple/libraries/SDfat/Sd2Card.o
                0x08007e10                _ZN7Sd2Card14waitStartBlockEv
 .text._ZN7Sd2Card7readEndEv
                0x08007e80       0x28 build/../../libmaple/libraries/SDfat/Sd2Card.o
                0x08007e80                _ZN7Sd2Card7readEndEv
 .text._ZN7Sd2Card11cardCommandEhm
                0x08007ea8       0x6a build/../../libmaple/libraries/SDfat/Sd2Card.o
                0x08007ea8                _ZN7Sd2Card11cardCommandEhm
 .text._ZN7Sd2Card8cardAcmdEhm
                0x08007f12       0x1e build/../../libmaple/libraries/SDfat/Sd2Card.o
                0x08007f12                _ZN7Sd2Card8cardAcmdEhm
 .text._ZN7Sd2Card10writeBlockEmPKh
                0x08007f30       0xb8 build/../../libmaple/libraries/SDfat/Sd2Card.o
                0x08007f30                _ZN7Sd2Card10writeBlockEmPKh
 .text._ZN7Sd2Card8readDataEmttPh
                0x08007fe8       0xd0 build/../../libmaple/libraries/SDfat/Sd2Card.o
                0x08007fe8                _ZN7Sd2Card8readDataEmttPh
 .text._ZN7Sd2Card9readBlockEmPh
                0x080080b8       0x10 build/../../libmaple/libraries/SDfat/Sd2Card.o
                0x080080b8                _ZN7Sd2Card9readBlockEmPh
 .text._ZN7Sd2Card4initEP11HardwareSPI
                0x080080c8      0x170 build/../../libmaple/libraries/SDfat/Sd2Card.o
                0x080080c8                _ZN7Sd2Card4initEP11HardwareSPI
 .text._ZL13DIR_IS_SUBDIRPK14directoryEntry
                0x08008238       0x10 build/../../libmaple/libraries/SDfat/SdFile.o
 .text._ZL21DIR_IS_FILE_OR_SUBDIRPK14directoryEntry
                0x08008248        0xe build/../../libmaple/libraries/SDfat/SdFile.o
 *fill*         0x08008256        0x2 00
 .text._ZN6SdFileC1Ev
                0x08008258       0x18 build/../../libmaple/libraries/SDfat/SdFile.o
                0x08008258                _ZN6SdFileC1Ev
 .text._ZNK6SdFile5isDirEv
                0x08008270        0xc build/../../libmaple/libraries/SDfat/SdFile.o
                0x08008270                _ZNK6SdFile5isDirEv
 .text._ZNK6SdFile6isFileEv
                0x0800827c        0xc build/../../libmaple/libraries/SDfat/SdFile.o
                0x0800827c                _ZNK6SdFile6isFileEv
 .text._ZNK6SdFile6isOpenEv
                0x08008288        0xa build/../../libmaple/libraries/SDfat/SdFile.o
                0x08008288                _ZNK6SdFile6isOpenEv
 .text._ZNK6SdFile8isSubDirEv
                0x08008292        0xc build/../../libmaple/libraries/SDfat/SdFile.o
                0x08008292                _ZNK6SdFile8isSubDirEv
 .text._ZNK6SdFile6isRootEv
                0x0800829e       0x10 build/../../libmaple/libraries/SDfat/SdFile.o
                0x0800829e                _ZNK6SdFile6isRootEv
 .text._ZN6SdFile6rewindEv
                0x080082ae        0x8 build/../../libmaple/libraries/SDfat/SdFile.o
                0x080082ae                _ZN6SdFile6rewindEv
 .text._ZNK6SdFile14unbufferedReadEv
                0x080082b6        0x8 build/../../libmaple/libraries/SDfat/SdFile.o
                0x080082b6                _ZNK6SdFile14unbufferedReadEv
 .text._ZNK8SdVolume14blockOfClusterEm
                0x080082be        0xc build/../../libmaple/libraries/SDfat/SdFile.o
                0x080082be                _ZNK8SdVolume14blockOfClusterEm
 .text._ZNK8SdVolume17clusterStartBlockEm
                0x080082ca        0xc build/../../libmaple/libraries/SDfat/SdFile.o
                0x080082ca                _ZNK8SdVolume17clusterStartBlockEm
 *fill*         0x080082d6        0x2 00
 .text._ZN8SdVolume13cacheSetDirtyEv
                0x080082d8       0x10 build/../../libmaple/libraries/SDfat/SdFile.o
                0x080082d8                _ZN8SdVolume13cacheSetDirtyEv
 .text._ZNK8SdVolume5isEOCEm
                0x080082e8       0x20 build/../../libmaple/libraries/SDfat/SdFile.o
                0x080082e8                _ZNK8SdVolume5isEOCEm
 .text._ZN6SdFile10make83NameEPKcPh
                0x08008308       0x94 build/../../libmaple/libraries/SDfat/SdFile.o
                0x08008308                _ZN6SdFile10make83NameEPKcPh
 .text._ZN6SdFile7seekSetEm
                0x0800839c       0x68 build/../../libmaple/libraries/SDfat/SdFile.o
                0x0800839c                _ZN6SdFile7seekSetEm
 .text._ZN6SdFile7seekEndEv
                0x08008404        0x6 build/../../libmaple/libraries/SDfat/SdFile.o
                0x08008404                _ZN6SdFile7seekEndEv
 *fill*         0x0800840a        0x2 00
 .text._ZN6SdFile13cacheDirEntryEh
                0x0800840c       0x1c build/../../libmaple/libraries/SDfat/SdFile.o
                0x0800840c                _ZN6SdFile13cacheDirEntryEh
 .text._ZN6SdFile4syncEv
                0x08008428       0x80 build/../../libmaple/libraries/SDfat/SdFile.o
                0x08008428                _ZN6SdFile4syncEv
 .text._ZN6SdFile5closeEv
                0x080084a8       0x14 build/../../libmaple/libraries/SDfat/SdFile.o
                0x080084a8                _ZN6SdFile5closeEv
 .text._ZN8SdVolume10writeBlockEmPKh
                0x080084bc        0xc build/../../libmaple/libraries/SDfat/SdFile.o
                0x080084bc                _ZN8SdVolume10writeBlockEmPKh
 .text._ZN8SdVolume9fatPutEOCEm
                0x080084c8        0x8 build/../../libmaple/libraries/SDfat/SdFile.o
                0x080084c8                _ZN8SdVolume9fatPutEOCEm
 .text._ZN6SdFile8truncateEm
                0x080084d0       0x98 build/../../libmaple/libraries/SDfat/SdFile.o
                0x080084d0                _ZN6SdFile8truncateEm
 .text._ZN6SdFile6removeEv
                0x08008568       0x2c build/../../libmaple/libraries/SDfat/SdFile.o
                0x08008568                _ZN6SdFile6removeEv
 .text._ZN8SdVolume8readDataEmttPh
                0x08008594        0xc build/../../libmaple/libraries/SDfat/SdFile.o
                0x08008594                _ZN8SdVolume8readDataEmttPh
 .text._ZN6SdFile4readEPvt
                0x080085a0      0x10c build/../../libmaple/libraries/SDfat/SdFile.o
                0x080085a0                _ZN6SdFile4readEPvt
 .text._ZN6SdFile4readEv
                0x080086ac       0x1e build/../../libmaple/libraries/SDfat/SdFile.o
                0x080086ac                _ZN6SdFile4readEv
 *fill*         0x080086ca        0x2 00
 .text._ZN6SdFile12readDirCacheEv
                0x080086cc       0x30 build/../../libmaple/libraries/SDfat/SdFile.o
                0x080086cc                _ZN6SdFile12readDirCacheEv
 .text._ZN6SdFile5rmDirEv
                0x080086fc       0x50 build/../../libmaple/libraries/SDfat/SdFile.o
                0x080086fc                _ZN6SdFile5rmDirEv
 .text._ZN6SdFile14printTwoDigitsEh
                0x0800874c       0x30 build/../../libmaple/libraries/SDfat/SdFile.o
                0x0800874c                _ZN6SdFile14printTwoDigitsEh
 .text._ZN6SdFile12printFatTimeEt
                0x0800877c       0x38 build/../../libmaple/libraries/SDfat/SdFile.o
                0x0800877c                _ZN6SdFile12printFatTimeEt
 .text._ZN6SdFile12printDirNameERK14directoryEntryh
                0x080087b4       0x58 build/../../libmaple/libraries/SDfat/SdFile.o
                0x080087b4                _ZN6SdFile12printDirNameERK14directoryEntryh
 .text._ZN6SdFile12printFatDateEt
                0x0800880c       0x40 build/../../libmaple/libraries/SDfat/SdFile.o
                0x0800880c                _ZN6SdFile12printFatDateEt
 .text._ZN6SdFile8openRootEP8SdVolume
                0x0800884c       0x50 build/../../libmaple/libraries/SDfat/SdFile.o
                0x0800884c                _ZN6SdFile8openRootEP8SdVolume
 .text._ZN6SdFile15openCachedEntryEhh
                0x0800889c       0x9c build/../../libmaple/libraries/SDfat/SdFile.o
                0x0800889c                _ZN6SdFile15openCachedEntryEhh
 .text._ZN6SdFile4openEPS_th
                0x08008938       0x52 build/../../libmaple/libraries/SDfat/SdFile.o
                0x08008938                _ZN6SdFile4openEPS_th
 .text._ZN6SdFile8rmRfStarEv
                0x0800898a       0x9e build/../../libmaple/libraries/SDfat/SdFile.o
                0x0800898a                _ZN6SdFile8rmRfStarEv
 .text._ZN6SdFile2lsEhh
                0x08008a28      0x100 build/../../libmaple/libraries/SDfat/SdFile.o
                0x08008a28                _ZN6SdFile2lsEhh
 .text._ZN6SdFile10addClusterEv
                0x08008b28       0x30 build/../../libmaple/libraries/SDfat/SdFile.o
                0x08008b28                _ZN6SdFile10addClusterEv
 .text._ZN6SdFile5writeEPKvt
                0x08008b58      0x16c build/../../libmaple/libraries/SDfat/SdFile.o
                0x08008b58                _ZN6SdFile5writeEPKvt
 .text._ZN6SdFile5writeEPKc
                0x08008cc4       0x1a build/../../libmaple/libraries/SDfat/SdFile.o
                0x08008cc4                _ZN6SdFile5writeEPKc
 .text._ZN6SdFile5writeEh
                0x08008cde       0x12 build/../../libmaple/libraries/SDfat/SdFile.o
                0x08008cde                _ZN6SdFile5writeEh
 .text._ZN6SdFile13addDirClusterEv
                0x08008cf0       0x46 build/../../libmaple/libraries/SDfat/SdFile.o
                0x08008cf0                _ZN6SdFile13addDirClusterEv
 *fill*         0x08008d36        0x2 00
 .text._ZN6SdFile4openEPS_PKch
                0x08008d38      0x130 build/../../libmaple/libraries/SDfat/SdFile.o
                0x08008d38                _ZN6SdFile4openEPS_PKch
 .text._ZN6SdFile6removeEPS_PKc
                0x08008e68       0x28 build/../../libmaple/libraries/SDfat/SdFile.o
                0x08008e68                _ZN6SdFile6removeEPS_PKc
 .text._ZN8SdVolume10cacheFlushEv
                0x08008e90       0x50 build/../../libmaple/libraries/SDfat/SdVolume.o
                0x08008e90                _ZN8SdVolume10cacheFlushEv
 .text._ZN8SdVolume14cacheZeroBlockEm
                0x08008ee0       0x30 build/../../libmaple/libraries/SDfat/SdVolume.o
                0x08008ee0                _ZN8SdVolume14cacheZeroBlockEm
 .text._ZN8SdVolume13cacheRawBlockEmh
                0x08008f10       0x44 build/../../libmaple/libraries/SDfat/SdVolume.o
                0x08008f10                _ZN8SdVolume13cacheRawBlockEmh
 .text._ZN8SdVolume4initEP7Sd2Cardh
                0x08008f54      0x154 build/../../libmaple/libraries/SDfat/SdVolume.o
                0x08008f54                _ZN8SdVolume4initEP7Sd2Cardh
 .text._ZN8SdVolume6fatPutEmm
                0x080090a8       0x78 build/../../libmaple/libraries/SDfat/SdVolume.o
                0x080090a8                _ZN8SdVolume6fatPutEmm
 .text._ZNK8SdVolume6fatGetEmPm
                0x08009120       0x64 build/../../libmaple/libraries/SDfat/SdVolume.o
                0x08009120                _ZNK8SdVolume6fatGetEmPm
 .text._ZN8SdVolume9freeChainEm
                0x08009184       0x38 build/../../libmaple/libraries/SDfat/SdVolume.o
                0x08009184                _ZN8SdVolume9freeChainEm
 .text._ZNK8SdVolume9chainSizeEmPm
                0x080091bc       0x34 build/../../libmaple/libraries/SDfat/SdVolume.o
                0x080091bc                _ZNK8SdVolume9chainSizeEmPm
 .text._ZN8SdVolume15allocContiguousEmPm
                0x080091f0       0xaa build/../../libmaple/libraries/SDfat/SdVolume.o
                0x080091f0                _ZN8SdVolume15allocContiguousEmPm
 .text._Z11isErrorOrOKPc
                0x0800929a       0x44 build/main.o
                0x0800929a                _Z11isErrorOrOKPc
 *fill*         0x080092de        0x2 00
 .text._Z11monthNumberPc
                0x080092e0       0x34 build/main.o
                0x080092e0                _Z11monthNumberPc
 .text._Z9parseDatePcS_
                0x08009314       0x6c build/main.o
                0x08009314                _Z9parseDatePcS_
 .text._Z7premainv
                0x08009380        0x4 build/main.o
                0x08009380                _Z7premainv
 .text._Z11lookupIndexPc
                0x08009384       0x40 build/main.o
                0x08009384                _Z11lookupIndexPc
 .text._Z9stripcrlfPc
                0x080093c4       0x20 build/main.o
                0x080093c4                _Z9stripcrlfPc
 .text._ZN10DataStream4readEv
                0x080093e4       0x10 build/main.o
                0x080093e4                _ZN10DataStream4readEv
 .text._ZN10DataStream9availableEv
                0x080093f4       0x22 build/main.o
                0x080093f4                _ZN10DataStream9availableEv
 *fill*         0x08009416        0x2 00
 .text._ZN10DataStream7gotLineEj
                0x08009418       0xb4 build/main.o
                0x08009418                _ZN10DataStream7gotLineEj
 .text._ZN10DataStream7putCharEc
                0x080094cc       0x38 build/main.o
                0x080094cc                _ZN10DataStream7putCharEc
 .text._ZN10DataStream4putsEPc
                0x08009504       0x34 build/main.o
                0x08009504                _ZN10DataStream4putsEPc
 .text._ZN10DataStream6printfEPKcz
                0x08009538       0x2c build/main.o
                0x08009538                _ZN10DataStream6printfEPKcz
 .text._Z13writeSettingsv
                0x08009564       0xdc build/main.o
                0x08009564                _Z13writeSettingsv
 .text._Z8typeFilePc
                0x08009640       0xa0 build/main.o
                0x08009640                _Z8typeFilePc
 .text._Z7logDataPc
                0x080096e0       0x44 build/main.o
                0x080096e0                _Z7logDataPc
 .text._ZN10DataStreamC1EP5Printi
                0x08009724       0x38 build/main.o
                0x08009724                _ZN10DataStreamC1EP5Printi
 .text.T.178    0x0800975c       0x20 build/main.o
 .text._Z11networkScanv
                0x0800977c      0x100 build/main.o
                0x0800977c                _Z11networkScanv
 .text._Z9radioDatev
                0x0800987c       0xa0 build/main.o
                0x0800987c                _Z9radioDatev
 .text._Z9toPachubeiPc
                0x0800991c      0x294 build/main.o
                0x0800991c                _Z9toPachubeiPc
 .text._Z17clearStowedValuesv
                0x08009bb0       0x6c build/main.o
                0x08009bb0                _Z17clearStowedValuesv
 .text._Z17handleDeviceInputv
                0x08009c1c      0x200 build/main.o
                0x08009c1c                _Z17handleDeviceInputv
 .text._Z11pachubeDatev
                0x08009e1c      0x2cc build/main.o
                0x08009e1c                _Z11pachubeDatev
 .text._Z18networkSetPasswordPc
                0x0800a0e8       0x5c build/main.o
                0x0800a0e8                _Z18networkSetPasswordPc
 .text._Z13networkStatusv
                0x0800a144       0x78 build/main.o
                0x0800a144                _Z13networkStatusv
 .text._Z11networkJoinPc
                0x0800a1bc       0xcc build/main.o
                0x0800a1bc                _Z11networkJoinPc
 .text._Z16setupRadioModulev
                0x0800a288       0x78 build/main.o
                0x0800a288                _Z16setupRadioModulev
 .text.T.181    0x0800a300       0x14 build/main.o
 .text._Z12readSettingsv
                0x0800a314       0xfc build/main.o
                0x0800a314                _Z12readSettingsv
 .text._Z5setupv
                0x0800a410      0x224 build/main.o
                0x0800a410                _Z5setupv
 .text._Z18handleConsoleInputv
                0x0800a634      0x2c0 build/main.o
                0x0800a634                _Z18handleConsoleInputv
 .text._Z4loopv
                0x0800a8f4      0x100 build/main.o
                0x0800a8f4                _Z4loopv
 .text.main     0x0800a9f4        0xc build/main.o
                0x0800a9f4                main
 .text._GLOBAL__I_spi
                0x0800aa00       0x94 build/main.o
 .text          0x0800aa94      0x370 /Applications/MapleIDE.app/Contents/Resources/Java/hardware/tools/arm/bin/../lib/gcc/arm-none-eabi/4.4.1/thumb2/libgcc.a(_arm_addsubdf3.o)
                0x0800aa94                __aeabi_drsub
                0x0800aa9c                __subdf3
                0x0800aa9c                __aeabi_dsub
                0x0800aaa0                __aeabi_dadd
                0x0800aaa0                __adddf3
                0x0800ad18                __aeabi_ui2d
                0x0800ad18                __floatunsidf
                0x0800ad38                __floatsidf
                0x0800ad38                __aeabi_i2d
                0x0800ad5c                __extendsfdf2
                0x0800ad5c                __aeabi_f2d
                0x0800ad98                __aeabi_ul2d
                0x0800ad98                __floatundidf
                0x0800ada8                __aeabi_l2d
                0x0800ada8                __floatdidf
 .text          0x0800ae04      0x424 /Applications/MapleIDE.app/Contents/Resources/Java/hardware/tools/arm/bin/../lib/gcc/arm-none-eabi/4.4.1/thumb2/libgcc.a(_arm_muldivdf3.o)
                0x0800ae04                __aeabi_dmul
                0x0800ae04                __muldf3
                0x0800b058                __aeabi_ddiv
                0x0800b058                __divdf3
 .text          0x0800b228      0x110 /Applications/MapleIDE.app/Contents/Resources/Java/hardware/tools/arm/bin/../lib/gcc/arm-none-eabi/4.4.1/thumb2/libgcc.a(_arm_cmpdf2.o)
                0x0800b228                __gtdf2
                0x0800b228                __gedf2
                0x0800b230                __ltdf2
                0x0800b230                __ledf2
                0x0800b238                __eqdf2
                0x0800b238                __nedf2
                0x0800b238                __cmpdf2
                0x0800b2b4                __aeabi_cdrcmple
                0x0800b2c4                __aeabi_cdcmple
                0x0800b2c4                __aeabi_cdcmpeq
                0x0800b2d4                __aeabi_dcmpeq
                0x0800b2e8                __aeabi_dcmplt
                0x0800b2fc                __aeabi_dcmple
                0x0800b310                __aeabi_dcmpge
                0x0800b324                __aeabi_dcmpgt
 .text          0x0800b338       0x50 /Applications/MapleIDE.app/Contents/Resources/Java/hardware/tools/arm/bin/../lib/gcc/arm-none-eabi/4.4.1/thumb2/libgcc.a(_arm_fixdfsi.o)
                0x0800b338                __fixdfsi
                0x0800b338                __aeabi_d2iz
 .text          0x0800b388       0x38 /Applications/MapleIDE.app/Contents/Resources/Java/hardware/tools/arm/bin/../lib/gcc/arm-none-eabi/4.4.1/thumb2/libgcc.a(_aeabi_ldivmod.o)
                0x0800b388                __aeabi_ldivmod
 .text          0x0800b3c0       0x2c /Applications/MapleIDE.app/Contents/Resources/Java/hardware/tools/arm/bin/../lib/gcc/arm-none-eabi/4.4.1/thumb2/libgcc.a(_aeabi_uldivmod.o)
                0x0800b3c0                __aeabi_uldivmod
 .text          0x0800b3ec       0x58 /Applications/MapleIDE.app/Contents/Resources/Java/hardware/tools/arm/bin/../lib/gcc/arm-none-eabi/4.4.1/thumb2/libgcc.a(bpabi.o)
                0x0800b3ec                __gnu_uldivmod_helper
                0x0800b418                __gnu_ldivmod_helper
 .text          0x0800b444        0x4 /Applications/MapleIDE.app/Contents/Resources/Java/hardware/tools/arm/bin/../lib/gcc/arm-none-eabi/4.4.1/thumb2/libgcc.a(_dvmd_tls.o)
                0x0800b444                __aeabi_ldiv0
                0x0800b444                __aeabi_idiv0
 .text          0x0800b448      0x364 /Applications/MapleIDE.app/Contents/Resources/Java/hardware/tools/arm/bin/../lib/gcc/arm-none-eabi/4.4.1/thumb2/libgcc.a(_divdi3.o)
                0x0800b448                __divdi3
 .text          0x0800b7ac      0x300 /Applications/MapleIDE.app/Contents/Resources/Java/hardware/tools/arm/bin/../lib/gcc/arm-none-eabi/4.4.1/thumb2/libgcc.a(_udivdi3.o)
                0x0800b7ac                __udivdi3
 *fill*         0x0800baac        0x4 00
 .text          0x0800bab0      0x278 /Applications/MapleIDE.app/Contents/Resources/Java/hardware/tools/arm/bin/../lib/gcc/arm-none-eabi/4.4.1/thumb2/libgcc.a(_udivsi3.o)
                0x0800bab0                __udivsi3
                0x0800bab0                __aeabi_uidiv
                0x0800bd0c                __aeabi_uidivmod
 .text.atoi     0x0800bd28        0x8 /Applications/MapleIDE.app/Contents/Resources/Java/hardware/tools/arm/bin/../lib/gcc/arm-none-eabi/4.4.1/../../../../arm-none-eabi/lib/thumb2/libc.a(lib_a-atoi.o)
                0x0800bd28                atoi
 .text.atoll    0x0800bd30        0x8 /Applications/MapleIDE.app/Contents/Resources/Java/hardware/tools/arm/bin/../lib/gcc/arm-none-eabi/4.4.1/../../../../arm-none-eabi/lib/thumb2/libc.a(lib_a-atoll.o)
                0x0800bd30                atoll
 .text.__errno  0x0800bd38        0xc /Applications/MapleIDE.app/Contents/Resources/Java/hardware/tools/arm/bin/../lib/gcc/arm-none-eabi/4.4.1/../../../../arm-none-eabi/lib/thumb2/libc.a(lib_a-errno.o)
                0x0800bd38                __errno
 .text.memcmp   0x0800bd44       0x22 /Applications/MapleIDE.app/Contents/Resources/Java/hardware/tools/arm/bin/../lib/gcc/arm-none-eabi/4.4.1/../../../../arm-none-eabi/lib/thumb2/libc.a(lib_a-memcmp.o)
                0x0800bd44                memcmp
 .text.memcpy   0x0800bd66       0x1a /Applications/MapleIDE.app/Contents/Resources/Java/hardware/tools/arm/bin/../lib/gcc/arm-none-eabi/4.4.1/../../../../arm-none-eabi/lib/thumb2/libc.a(lib_a-memcpy.o)
                0x0800bd66                memcpy
 .text.memset   0x0800bd80       0x12 /Applications/MapleIDE.app/Contents/Resources/Java/hardware/tools/arm/bin/../lib/gcc/arm-none-eabi/4.4.1/../../../../arm-none-eabi/lib/thumb2/libc.a(lib_a-memset.o)
                0x0800bd80                memset
 *fill*         0x0800bd92        0x2 00
 .text.snprintf
                0x0800bd94       0x68 /Applications/MapleIDE.app/Contents/Resources/Java/hardware/tools/arm/bin/../lib/gcc/arm-none-eabi/4.4.1/../../../../arm-none-eabi/lib/thumb2/libc.a(lib_a-snprintf.o)
                0x0800bd94                snprintf
 .text.sprintf  0x0800bdfc       0x48 /Applications/MapleIDE.app/Contents/Resources/Java/hardware/tools/arm/bin/../lib/gcc/arm-none-eabi/4.4.1/../../../../arm-none-eabi/lib/thumb2/libc.a(lib_a-sprintf.o)
                0x0800bdfc                sprintf
 .text.strchr   0x0800be44       0x18 /Applications/MapleIDE.app/Contents/Resources/Java/hardware/tools/arm/bin/../lib/gcc/arm-none-eabi/4.4.1/../../../../arm-none-eabi/lib/thumb2/libc.a(lib_a-strchr.o)
                0x0800be44                strchr
 .text.strcpy   0x0800be5c       0x10 /Applications/MapleIDE.app/Contents/Resources/Java/hardware/tools/arm/bin/../lib/gcc/arm-none-eabi/4.4.1/../../../../arm-none-eabi/lib/thumb2/libc.a(lib_a-strcpy.o)
                0x0800be5c                strcpy
 .text.strlen   0x0800be6c       0x10 /Applications/MapleIDE.app/Contents/Resources/Java/hardware/tools/arm/bin/../lib/gcc/arm-none-eabi/4.4.1/../../../../arm-none-eabi/lib/thumb2/libc.a(lib_a-strlen.o)
                0x0800be6c                strlen
 .text.strncmp  0x0800be7c       0x2e /Applications/MapleIDE.app/Contents/Resources/Java/hardware/tools/arm/bin/../lib/gcc/arm-none-eabi/4.4.1/../../../../arm-none-eabi/lib/thumb2/libc.a(lib_a-strncmp.o)
                0x0800be7c                strncmp
 .text.strncpy  0x0800beaa       0x30 /Applications/MapleIDE.app/Contents/Resources/Java/hardware/tools/arm/bin/../lib/gcc/arm-none-eabi/4.4.1/../../../../arm-none-eabi/lib/thumb2/libc.a(lib_a-strncpy.o)
                0x0800beaa                strncpy
 *fill*         0x0800beda        0x2 00
 .text._strtol_r
                0x0800bedc      0x124 /Applications/MapleIDE.app/Contents/Resources/Java/hardware/tools/arm/bin/../lib/gcc/arm-none-eabi/4.4.1/../../../../arm-none-eabi/lib/thumb2/libc.a(lib_a-strtol.o)
                0x0800bedc                _strtol_r
 .text.strtol   0x0800c000       0x1c /Applications/MapleIDE.app/Contents/Resources/Java/hardware/tools/arm/bin/../lib/gcc/arm-none-eabi/4.4.1/../../../../arm-none-eabi/lib/thumb2/libc.a(lib_a-strtol.o)
                0x0800c000                strtol
 .text.strtoll  0x0800c01c       0x1c /Applications/MapleIDE.app/Contents/Resources/Java/hardware/tools/arm/bin/../lib/gcc/arm-none-eabi/4.4.1/../../../../arm-none-eabi/lib/thumb2/libc.a(lib_a-strtoll.o)
                0x0800c01c                strtoll
 .text._strtoll_r
                0x0800c038      0x17c /Applications/MapleIDE.app/Contents/Resources/Java/hardware/tools/arm/bin/../lib/gcc/arm-none-eabi/4.4.1/../../../../arm-none-eabi/lib/thumb2/libc.a(lib_a-strtoll_r.o)
                0x0800c038                _strtoll_r
 .text.__sprint_r
                0x0800c1b4       0xf4 /Applications/MapleIDE.app/Contents/Resources/Java/hardware/tools/arm/bin/../lib/gcc/arm-none-eabi/4.4.1/../../../../arm-none-eabi/lib/thumb2/libc.a(lib_a-svfprintf.o)
 .text._svfprintf_r
                0x0800c2a8      0xf00 /Applications/MapleIDE.app/Contents/Resources/Java/hardware/tools/arm/bin/../lib/gcc/arm-none-eabi/4.4.1/../../../../arm-none-eabi/lib/thumb2/libc.a(lib_a-svfprintf.o)
                0x0800c2a8                _svfprintf_r
 .text.toupper  0x0800d1a8       0x18 /Applications/MapleIDE.app/Contents/Resources/Java/hardware/tools/arm/bin/../lib/gcc/arm-none-eabi/4.4.1/../../../../arm-none-eabi/lib/thumb2/libc.a(lib_a-toupper.o)
                0x0800d1a8                toupper
 .text._vsnprintf_r
                0x0800d1c0       0x56 /Applications/MapleIDE.app/Contents/Resources/Java/hardware/tools/arm/bin/../lib/gcc/arm-none-eabi/4.4.1/../../../../arm-none-eabi/lib/thumb2/libc.a(lib_a-vsnprintf.o)
                0x0800d1c0                _vsnprintf_r
 *fill*         0x0800d216        0x2 00
 .text.vsnprintf
                0x0800d218       0x20 /Applications/MapleIDE.app/Contents/Resources/Java/hardware/tools/arm/bin/../lib/gcc/arm-none-eabi/4.4.1/../../../../arm-none-eabi/lib/thumb2/libc.a(lib_a-vsnprintf.o)
                0x0800d218                vsnprintf
 .text.quorem   0x0800d238      0x116 /Applications/MapleIDE.app/Contents/Resources/Java/hardware/tools/arm/bin/../lib/gcc/arm-none-eabi/4.4.1/../../../../arm-none-eabi/lib/thumb2/libc.a(lib_a-dtoa.o)
 *fill*         0x0800d34e        0x2 00
 .text._dtoa_r  0x0800d350      0xb88 /Applications/MapleIDE.app/Contents/Resources/Java/hardware/tools/arm/bin/../lib/gcc/arm-none-eabi/4.4.1/../../../../arm-none-eabi/lib/thumb2/libc.a(lib_a-dtoa.o)
                0x0800d350                _dtoa_r
 .text._malloc_trim_r
                0x0800ded8       0x98 /Applications/MapleIDE.app/Contents/Resources/Java/hardware/tools/arm/bin/../lib/gcc/arm-none-eabi/4.4.1/../../../../arm-none-eabi/lib/thumb2/libc.a(lib_a-freer.o)
                0x0800ded8                _malloc_trim_r
 .text._free_r  0x0800df70      0x19c /Applications/MapleIDE.app/Contents/Resources/Java/hardware/tools/arm/bin/../lib/gcc/arm-none-eabi/4.4.1/../../../../arm-none-eabi/lib/thumb2/libc.a(lib_a-freer.o)
                0x0800df70                _free_r
 .text._localeconv_r
                0x0800e10c        0x8 /Applications/MapleIDE.app/Contents/Resources/Java/hardware/tools/arm/bin/../lib/gcc/arm-none-eabi/4.4.1/../../../../arm-none-eabi/lib/thumb2/libc.a(lib_a-locale.o)
                0x0800e10c                _localeconv_r
 .text.malloc   0x0800e114       0x10 /Applications/MapleIDE.app/Contents/Resources/Java/hardware/tools/arm/bin/../lib/gcc/arm-none-eabi/4.4.1/../../../../arm-none-eabi/lib/thumb2/libc.a(lib_a-malloc.o)
                0x0800e114                malloc
 .text._malloc_r
                0x0800e124      0x424 /Applications/MapleIDE.app/Contents/Resources/Java/hardware/tools/arm/bin/../lib/gcc/arm-none-eabi/4.4.1/../../../../arm-none-eabi/lib/thumb2/libc.a(lib_a-mallocr.o)
                0x0800e124                _malloc_r
 .text.memchr   0x0800e548       0x16 /Applications/MapleIDE.app/Contents/Resources/Java/hardware/tools/arm/bin/../lib/gcc/arm-none-eabi/4.4.1/../../../../arm-none-eabi/lib/thumb2/libc.a(lib_a-memchr.o)
                0x0800e548                memchr
 .text.memmove  0x0800e55e       0x3a /Applications/MapleIDE.app/Contents/Resources/Java/hardware/tools/arm/bin/../lib/gcc/arm-none-eabi/4.4.1/../../../../arm-none-eabi/lib/thumb2/libc.a(lib_a-memmove.o)
                0x0800e55e                memmove
 .text.__malloc_lock
                0x0800e598        0x2 /Applications/MapleIDE.app/Contents/Resources/Java/hardware/tools/arm/bin/../lib/gcc/arm-none-eabi/4.4.1/../../../../arm-none-eabi/lib/thumb2/libc.a(lib_a-mlock.o)
                0x0800e598                __malloc_lock
 .text.__malloc_unlock
                0x0800e59a        0x2 /Applications/MapleIDE.app/Contents/Resources/Java/hardware/tools/arm/bin/../lib/gcc/arm-none-eabi/4.4.1/../../../../arm-none-eabi/lib/thumb2/libc.a(lib_a-mlock.o)
                0x0800e59a                __malloc_unlock
 .text.__hi0bits
                0x0800e59c       0x40 /Applications/MapleIDE.app/Contents/Resources/Java/hardware/tools/arm/bin/../lib/gcc/arm-none-eabi/4.4.1/../../../../arm-none-eabi/lib/thumb2/libc.a(lib_a-mprec.o)
                0x0800e59c                __hi0bits
 .text.__lo0bits
                0x0800e5dc       0x64 /Applications/MapleIDE.app/Contents/Resources/Java/hardware/tools/arm/bin/../lib/gcc/arm-none-eabi/4.4.1/../../../../arm-none-eabi/lib/thumb2/libc.a(lib_a-mprec.o)
                0x0800e5dc                __lo0bits
 .text.__mcmp   0x0800e640       0x3e /Applications/MapleIDE.app/Contents/Resources/Java/hardware/tools/arm/bin/../lib/gcc/arm-none-eabi/4.4.1/../../../../arm-none-eabi/lib/thumb2/libc.a(lib_a-mprec.o)
                0x0800e640                __mcmp
 .text._Bfree   0x0800e67e       0x2e /Applications/MapleIDE.app/Contents/Resources/Java/hardware/tools/arm/bin/../lib/gcc/arm-none-eabi/4.4.1/../../../../arm-none-eabi/lib/thumb2/libc.a(lib_a-mprec.o)
                0x0800e67e                _Bfree
 .text._Balloc  0x0800e6ac       0x66 /Applications/MapleIDE.app/Contents/Resources/Java/hardware/tools/arm/bin/../lib/gcc/arm-none-eabi/4.4.1/../../../../arm-none-eabi/lib/thumb2/libc.a(lib_a-mprec.o)
                0x0800e6ac                _Balloc
 .text.__d2b    0x0800e712       0xc2 /Applications/MapleIDE.app/Contents/Resources/Java/hardware/tools/arm/bin/../lib/gcc/arm-none-eabi/4.4.1/../../../../arm-none-eabi/lib/thumb2/libc.a(lib_a-mprec.o)
                0x0800e712                __d2b
 .text.__mdiff  0x0800e7d4       0xd0 /Applications/MapleIDE.app/Contents/Resources/Java/hardware/tools/arm/bin/../lib/gcc/arm-none-eabi/4.4.1/../../../../arm-none-eabi/lib/thumb2/libc.a(lib_a-mprec.o)
                0x0800e7d4                __mdiff
 .text.__lshift
                0x0800e8a4       0xa4 /Applications/MapleIDE.app/Contents/Resources/Java/hardware/tools/arm/bin/../lib/gcc/arm-none-eabi/4.4.1/../../../../arm-none-eabi/lib/thumb2/libc.a(lib_a-mprec.o)
                0x0800e8a4                __lshift
 .text.__multiply
                0x0800e948      0x122 /Applications/MapleIDE.app/Contents/Resources/Java/hardware/tools/arm/bin/../lib/gcc/arm-none-eabi/4.4.1/../../../../arm-none-eabi/lib/thumb2/libc.a(lib_a-mprec.o)
                0x0800e948                __multiply
 .text.__i2b    0x0800ea6a       0x12 /Applications/MapleIDE.app/Contents/Resources/Java/hardware/tools/arm/bin/../lib/gcc/arm-none-eabi/4.4.1/../../../../arm-none-eabi/lib/thumb2/libc.a(lib_a-mprec.o)
                0x0800ea6a                __i2b
 .text.__multadd
                0x0800ea7c       0x82 /Applications/MapleIDE.app/Contents/Resources/Java/hardware/tools/arm/bin/../lib/gcc/arm-none-eabi/4.4.1/../../../../arm-none-eabi/lib/thumb2/libc.a(lib_a-mprec.o)
                0x0800ea7c                __multadd
 *fill*         0x0800eafe        0x2 00
 .text.__pow5mult
                0x0800eb00       0xa4 /Applications/MapleIDE.app/Contents/Resources/Java/hardware/tools/arm/bin/../lib/gcc/arm-none-eabi/4.4.1/../../../../arm-none-eabi/lib/thumb2/libc.a(lib_a-mprec.o)
                0x0800eb00                __pow5mult
 .text._realloc_r
                0x0800eba4      0x2f4 /Applications/MapleIDE.app/Contents/Resources/Java/hardware/tools/arm/bin/../lib/gcc/arm-none-eabi/4.4.1/../../../../arm-none-eabi/lib/thumb2/libc.a(lib_a-reallocr.o)
                0x0800eba4                _realloc_r
 .text.__isinfd
                0x0800ee98       0x22 /Applications/MapleIDE.app/Contents/Resources/Java/hardware/tools/arm/bin/../lib/gcc/arm-none-eabi/4.4.1/../../../../arm-none-eabi/lib/thumb2/libc.a(lib_a-s_isinfd.o)
                0x0800ee98                __isinfd
 .text.__isnand
                0x0800eeba       0x1a /Applications/MapleIDE.app/Contents/Resources/Java/hardware/tools/arm/bin/../lib/gcc/arm-none-eabi/4.4.1/../../../../arm-none-eabi/lib/thumb2/libc.a(lib_a-s_isnand.o)
                0x0800eeba                __isnand
 .text._sbrk_r  0x0800eed4       0x24 /Applications/MapleIDE.app/Contents/Resources/Java/hardware/tools/arm/bin/../lib/gcc/arm-none-eabi/4.4.1/../../../../arm-none-eabi/lib/thumb2/libc.a(lib_a-sbrkr.o)
                0x0800eed4                _sbrk_r
 .text._calloc_r
                0x0800eef8       0x58 /Applications/MapleIDE.app/Contents/Resources/Java/hardware/tools/arm/bin/../lib/gcc/arm-none-eabi/4.4.1/../../../../arm-none-eabi/lib/thumb2/libc.a(lib_a-callocr.o)
                0x0800eef8                _calloc_r
 .text          0x0800ef50      0x2b0 /Applications/MapleIDE.app/Contents/Resources/Java/hardware/tools/arm/bin/../lib/gcc/arm-none-eabi/4.4.1/thumb2/libgcc.a(_divsi3.o)
                0x0800ef50                __aeabi_idiv
                0x0800ef50                __divsi3
                0x0800f1e4                __aeabi_idivmod
 .text          0x0800f200        0x2 ../../libmaple/support/ld/libcs3_stm32_med_density.a(stm32_isrs.o)
                0x0800f200                __irq_rcc
                0x0800f200                __exc_debug_monitor
                0x0800f200                __exc_svc
                0x0800f200                __irq_adc
                0x0800f200                __irq_can_rx1
                0x0800f200                __irq_spi2
                0x0800f200                __irq_can_sce
                0x0800f200                __irq_pvd
                0x0800f200                __irq_tamper
                0x0800f200                __default_handler
                0x0800f200                __irq_wwdg
                0x0800f200                __stm32reservedexception10
                0x0800f200                __irq_flash
                0x0800f200                __stm32reservedexception13
                0x0800f200                __irq_rtc
                0x0800f200                __irq_spi1
                0x0800f200                __stm32reservedexception7
                0x0800f200                __irq_usb_hp_can_tx
                0x0800f200                __irq_rtcalarm
                0x0800f200                __stm32reservedexception8
                0x0800f200                __exc_pendsv
                0x0800f200                __irq_usbwakeup
                0x0800f200                __stm32reservedexception9
 *fill*         0x0800f202        0x2 00
 .text          0x0800f204       0x10 ../../libmaple/support/ld/libcs3_stm32_med_density.a(start.o)
                0x0800f204                _start
 .text          0x0800f214       0xf4 ../../libmaple/support/ld/libcs3_stm32_med_density.a(start_c.o)
                0x0800f214                __cs3_start_c
 .text.__libc_init_array
                0x0800f308       0x4c /Applications/MapleIDE.app/Contents/Resources/Java/hardware/tools/arm/bin/../lib/gcc/arm-none-eabi/4.4.1/../../../../arm-none-eabi/lib/thumb2/libc.a(lib_a-init.o)
                0x0800f308                __libc_init_array
 *(.plt)
 *(.gnu.warning)
 *(.glue_7t)
 .glue_7t       0x00000000        0x0 linker stubs
 *(.glue_7)
 .glue_7        0x00000000        0x0 linker stubs
 *(.vfp11_veneer)
 .vfp11_veneer  0x00000000        0x0 linker stubs
 *(.ARM.extab* .gnu.linkonce.armextab.*)
 *(.gcc_except_table)
 *(.eh_frame_hdr)
 *(.eh_frame)
                0x0800f354                . = ALIGN (0x4)
 *(.init)
 .init          0x0800f354        0x4 /Applications/MapleIDE.app/Contents/Resources/Java/hardware/tools/arm/bin/../lib/gcc/arm-none-eabi/4.4.1/thumb2/crti.o
                0x0800f354                _init
 .init          0x0800f358        0x8 /Applications/MapleIDE.app/Contents/Resources/Java/hardware/tools/arm/bin/../lib/gcc/arm-none-eabi/4.4.1/thumb2/crtn.o
                0x0800f360                . = ALIGN (0x4)
                0x0800f360                __preinit_array_start = .
 *(.preinit_array)
                0x0800f360                __preinit_array_end = .
                0x0800f360                . = ALIGN (0x4)
                0x0800f360                __init_array_start = .
 *(SORT(.init_array.*))
 *(.init_array)
 .init_array    0x0800f360        0x4 /Applications/MapleIDE.app/Contents/Resources/Java/hardware/tools/arm/bin/../lib/gcc/arm-none-eabi/4.4.1/thumb2/crtbegin.o
 .init_array    0x0800f364        0x4 build/../../libmaple/wirish/boards/maple_mini.o
 .init_array    0x0800f368        0x4 build/../../libmaple/wirish/comm/HardwareSerial.o
 .init_array    0x0800f36c        0x4 build/../../libmaple/wirish/HardwareTimer.o
 .init_array    0x0800f370        0x4 build/../../libmaple/wirish/usb_serial.o
 .init_array    0x0800f374        0x4 build/../../libmaple/libraries/Wire/Wire.o
 .init_array    0x0800f378        0x8 build/main.o
                0x0800f380                __init_array_end = .
                0x0800f380                . = ALIGN (0x4)
 *crtbegin.o(.ctors)
 *(EXCLUDE_FILE(*crtend.o) .ctors)
 *(SORT(.ctors.*))
 *crtend.o(.ctors)
                0x0800f380                . = ALIGN (0x4)
 *(.fini)
 .fini          0x0800f380        0x4 /Applications/MapleIDE.app/Contents/Resources/Java/hardware/tools/arm/bin/../lib/gcc/arm-none-eabi/4.4.1/thumb2/crti.o
                0x0800f380                _fini
 .fini          0x0800f384        0x8 /Applications/MapleIDE.app/Contents/Resources/Java/hardware/tools/arm/bin/../lib/gcc/arm-none-eabi/4.4.1/thumb2/crtn.o
                0x0800f38c                . = ALIGN (0x4)
                0x0800f38c                __fini_array_start = .
 *(.fini_array)
 .fini_array    0x0800f38c        0x4 /Applications/MapleIDE.app/Contents/Resources/Java/hardware/tools/arm/bin/../lib/gcc/arm-none-eabi/4.4.1/thumb2/crtbegin.o
 *(SORT(.fini_array.*))
                0x0800f390                __fini_array_end = .
 *crtbegin.o(.dtors)
 *(EXCLUDE_FILE(*crtend.o) .dtors)
 *(SORT(.dtors.*))
 *crtend.o(.dtors)
                0x0800f390                . = ALIGN (0x4)
                0x0800f390                __cs3_regions = .
                0x0800f390        0x4 LONG 0x0
                0x0800f394        0x4 LONG 0x80103b0 __cs3_region_init_ram
                0x0800f398        0x4 LONG 0x20000c00 __cs3_region_start_ram
                0x0800f39c        0x4 LONG 0xb98 __cs3_region_init_size_ram
                0x0800f3a0        0x4 LONG 0x840 __cs3_region_zero_size_ram

.v4_bx          0x0800f3a4        0x0
 .v4_bx         0x00000000        0x0 linker stubs

.rodata         0x0800f3a8      0xff0
 *(.rodata .rodata.* .gnu.linkonce.r.*)
 .rodata.GPIOA  0x0800f3a8        0x4 build/../../libmaple/libmaple/gpio.o
                0x0800f3a8                GPIOA
 .rodata.GPIOB  0x0800f3ac        0x4 build/../../libmaple/libmaple/gpio.o
                0x0800f3ac                GPIOB
 .rodata.GPIOC  0x0800f3b0        0x4 build/../../libmaple/libmaple/gpio.o
                0x0800f3b0                GPIOC
 .rodata.enable_regs.1509
                0x0800f3b4        0xc build/../../libmaple/libmaple/rcc.o
 .rodata.str1.1
                0x0800f3c0       0x58 build/../../libmaple/libmaple/rcc.o
 .rodata.rcc_dev_table
                0x0800f418       0x34 build/../../libmaple/libmaple/rcc.o
 .rodata.masks.1537
                0x0800f44c       0x14 build/../../libmaple/libmaple/rcc.o
 .rodata.reset_regs.1520
                0x0800f460        0x8 build/../../libmaple/libmaple/rcc.o
 .rodata.str1.1
                0x0800f468       0x55 build/../../libmaple/libmaple/timer.o
                                 0x57 (size before relaxing)
 .rodata.str1.1
                0x0800f4bd       0x3f build/../../libmaple/libmaple/util.o
                                 0x42 (size before relaxing)
 .rodata.str1.1
                0x0800f4fc       0x36 build/../../libmaple/libmaple/usb/usb.o
 *fill*         0x0800f532        0x2 00
 .rodata.usbVcomDescriptor_iProduct
                0x0800f534       0x14 build/../../libmaple/libmaple/usb/usb_cdcacm.o
                0x0800f534                usbVcomDescriptor_iProduct
 .rodata.usbVcomDescriptor_Device
                0x0800f548       0x14 build/../../libmaple/libmaple/usb/usb_cdcacm.o
                0x0800f548                usbVcomDescriptor_Device
 .rodata.usbVcomDescriptor_Config
                0x0800f55c       0x44 build/../../libmaple/libmaple/usb/usb_cdcacm.o
                0x0800f55c                usbVcomDescriptor_Config
 .rodata.usbVcomDescriptor_iManufacturer
                0x0800f5a0       0x14 build/../../libmaple/libmaple/usb/usb_cdcacm.o
                0x0800f5a0                usbVcomDescriptor_iManufacturer
 .rodata.usbVcomDescriptor_LangID
                0x0800f5b4        0x4 build/../../libmaple/libmaple/usb/usb_cdcacm.o
                0x0800f5b4                usbVcomDescriptor_LangID
 .rodata._ZTV5Print
                0x0800f5b8       0x18 build/../../libmaple/wirish/Print.o
                0x0800f5b8                _ZTV5Print
 .rodata.str1.1
                0x0800f5d0       0x4d build/../../libmaple/wirish/comm/HardwareSerial.o
 *fill*         0x0800f61d        0x3 00
 .rodata._ZTV14HardwareSerial
                0x0800f620       0x18 build/../../libmaple/wirish/comm/HardwareSerial.o
                0x0800f620                _ZTV14HardwareSerial
 .rodata.str1.1
                0x0800f638       0x2b build/../../libmaple/wirish/comm/HardwareSPI.o
                                 0x2d (size before relaxing)
 *fill*         0x0800f663        0x1 00
 .rodata.CSWTCH.35
                0x0800f664        0x8 build/../../libmaple/wirish/comm/HardwareSPI.o
 .rodata.str1.1
                0x0800f66c       0x28 build/../../libmaple/wirish/HardwareTimer.o
                                 0x2a (size before relaxing)
 *fill*         0x0800f694        0x4 00
 .rodata._ZTV9USBSerial
                0x0800f698       0x18 build/../../libmaple/wirish/usb_serial.o
                0x0800f698                _ZTV9USBSerial
 .rodata.str1.1
                0x0800f6b0       0x29 build/../../libmaple/wirish/wirish_digital.o
                                 0x2b (size before relaxing)
 .rodata.str1.1
                0x0800f6d9      0x232 build/../../libmaple/libraries/SDfat/Sd2Card.o
 .rodata        0x0800f90b       0x11 build/../../libmaple/libraries/SDfat/SdFile.o
 *fill*         0x0800f91c        0x4 00
 .rodata._ZTV6SdFile
                0x0800f920       0x18 build/../../libmaple/libraries/SDfat/SdFile.o
                0x0800f920                _ZTV6SdFile
 .rodata.str1.1
                0x0800f938       0xc0 build/../../libmaple/libraries/SDfat/SdVolume.o
 .rodata.str1.1
                0x0800f9f8      0x5d9 build/main.o
                                0x5e9 (size before relaxing)
 *fill*         0x0800ffd1        0x3 00
 .rodata._ZL6months
                0x0800ffd4       0x30 build/main.o
 .rodata._ZL8keywords
                0x08010004       0xf4 build/main.o
 .rodata.str1.1
                0x00000000      0x5d9 /Applications/MapleIDE.app/Contents/Resources/Java/hardware/tools/arm/bin/../lib/gcc/arm-none-eabi/4.4.1/../../../../arm-none-eabi/lib/thumb2/libc.a(lib_a-impure.o)
                                  0x2 (size before relaxing)
 .rodata.zeroes.3596
                0x080100f8       0x10 /Applications/MapleIDE.app/Contents/Resources/Java/hardware/tools/arm/bin/../lib/gcc/arm-none-eabi/4.4.1/../../../../arm-none-eabi/lib/thumb2/libc.a(lib_a-svfprintf.o)
 .rodata.str1.1
                0x08010108       0x32 /Applications/MapleIDE.app/Contents/Resources/Java/hardware/tools/arm/bin/../lib/gcc/arm-none-eabi/4.4.1/../../../../arm-none-eabi/lib/thumb2/libc.a(lib_a-svfprintf.o)
                                 0x34 (size before relaxing)
 *fill*         0x0801013a        0x2 00
 .rodata.blanks.3595
                0x0801013c       0x10 /Applications/MapleIDE.app/Contents/Resources/Java/hardware/tools/arm/bin/../lib/gcc/arm-none-eabi/4.4.1/../../../../arm-none-eabi/lib/thumb2/libc.a(lib_a-svfprintf.o)
 .rodata._ctype_
                0x0801014c      0x104 /Applications/MapleIDE.app/Contents/Resources/Java/hardware/tools/arm/bin/../lib/gcc/arm-none-eabi/4.4.1/../../../../arm-none-eabi/lib/thumb2/libc.a(lib_a-ctype_.o)
                0x0801014c                _ctype_
 .rodata.str1.1
                0x08010250        0xd /Applications/MapleIDE.app/Contents/Resources/Java/hardware/tools/arm/bin/../lib/gcc/arm-none-eabi/4.4.1/../../../../arm-none-eabi/lib/thumb2/libc.a(lib_a-dtoa.o)
                                  0xf (size before relaxing)
 *fill*         0x0801025d        0x3 00
 .rodata.lconv  0x08010260       0x30 /Applications/MapleIDE.app/Contents/Resources/Java/hardware/tools/arm/bin/../lib/gcc/arm-none-eabi/4.4.1/../../../../arm-none-eabi/lib/thumb2/libc.a(lib_a-locale.o)
 .rodata.str1.1
                0x08010290        0xb /Applications/MapleIDE.app/Contents/Resources/Java/hardware/tools/arm/bin/../lib/gcc/arm-none-eabi/4.4.1/../../../../arm-none-eabi/lib/thumb2/libc.a(lib_a-locale.o)
                                 0x10 (size before relaxing)
 *fill*         0x0801029b        0x1 00
 .rodata.p05.2463
                0x0801029c        0xc /Applications/MapleIDE.app/Contents/Resources/Java/hardware/tools/arm/bin/../lib/gcc/arm-none-eabi/4.4.1/../../../../arm-none-eabi/lib/thumb2/libc.a(lib_a-mprec.o)
 .rodata.__mprec_tens
                0x080102a8       0xc8 /Applications/MapleIDE.app/Contents/Resources/Java/hardware/tools/arm/bin/../lib/gcc/arm-none-eabi/4.4.1/../../../../arm-none-eabi/lib/thumb2/libc.a(lib_a-mprec.o)
                0x080102a8                __mprec_tens
 .rodata.__mprec_bigtens
                0x08010370       0x28 /Applications/MapleIDE.app/Contents/Resources/Java/hardware/tools/arm/bin/../lib/gcc/arm-none-eabi/4.4.1/../../../../arm-none-eabi/lib/thumb2/libc.a(lib_a-mprec.o)
                0x08010370                __mprec_bigtens
                0x08010398                __exidx_start = .

.ARM.exidx      0x08010398        0x8
 *(.ARM.exidx* .gnu.linkonce.armexidx.*)
 .ARM.exidx     0x08010398        0x8 /Applications/MapleIDE.app/Contents/Resources/Java/hardware/tools/arm/bin/../lib/gcc/arm-none-eabi/4.4.1/thumb2/libgcc.a(_divdi3.o)
 .ARM.exidx     0x080103a0        0x0 /Applications/MapleIDE.app/Contents/Resources/Java/hardware/tools/arm/bin/../lib/gcc/arm-none-eabi/4.4.1/thumb2/libgcc.a(_udivdi3.o)
                                  0x8 (size before relaxing)
 .ARM.exidx     0x080103a0        0x0 ../../libmaple/support/ld/libcs3_stm32_med_density.a(start.o)
                                  0x8 (size before relaxing)
                0x080103a0                __exidx_end = .

.text.align     0x080103a0        0x0
                0x080103a0                . = ALIGN (0x8)
                0x080103a0                _etext = .

.USER_FLASH     0x080103a0       0x10
 *(.USER_FLASH)
 .USER_FLASH    0x080103a0       0x10 build/../../libmaple/wirish/comm/HardwareSPI.o

.data           0x20000c00      0xb98 load address 0x080103b0
                0x08005000                __cs3_region_start_ram = DEFINED (_FLASH_BUILD)?.:__text_start
 *(.got.plt)
 *(.got)
 *(.data .data.* .gnu.linkonce.d.*)
 .data.adc1     0x20000c00        0x8 build/../../libmaple/libmaple/adc.o
 .data.adc2     0x20000c08        0x8 build/../../libmaple/libmaple/adc.o
 .data.ADC1     0x20000c10        0x4 build/../../libmaple/libmaple/adc.o
                0x20000c10                ADC1
 .data.ADC2     0x20000c14        0x4 build/../../libmaple/libmaple/adc.o
                0x20000c14                ADC2
 .data.DMA1     0x20000c18        0x4 build/../../libmaple/libmaple/dma.o
                0x20000c18                DMA1
 .data.dma1     0x20000c1c       0x40 build/../../libmaple/libmaple/dma.o
 .data.exti_channels
                0x20000c5c       0x80 build/../../libmaple/libmaple/exti.o
 .data.gpioa    0x20000cdc        0x8 build/../../libmaple/libmaple/gpio.o
                0x20000cdc                gpioa
 .data.gpiob    0x20000ce4        0x8 build/../../libmaple/libmaple/gpio.o
                0x20000ce4                gpiob
 .data.gpioc    0x20000cec        0x8 build/../../libmaple/libmaple/gpio.o
                0x20000cec                gpioc
 .data.gpiod    0x20000cf4        0x8 build/../../libmaple/libmaple/gpio.o
                0x20000cf4                gpiod
 .data.i2c_dev1
                0x20000cfc       0x1c build/../../libmaple/libmaple/i2c.o
 .data.i2c_dev2
                0x20000d18       0x1c build/../../libmaple/libmaple/i2c.o
 .data.spi1     0x20000d34        0x8 build/../../libmaple/libmaple/spi.o
 .data.spi2     0x20000d3c        0x8 build/../../libmaple/libmaple/spi.o
 .data.SPI1     0x20000d44        0x4 build/../../libmaple/libmaple/spi.o
                0x20000d44                SPI1
 .data.SPI2     0x20000d48        0x4 build/../../libmaple/libmaple/spi.o
                0x20000d48                SPI2
 .data.timer3   0x20000d4c       0x24 build/../../libmaple/libmaple/timer.o
 .data.timer4   0x20000d70       0x24 build/../../libmaple/libmaple/timer.o
 .data.TIMER1   0x20000d94        0x4 build/../../libmaple/libmaple/timer.o
                0x20000d94                TIMER1
 .data.TIMER2   0x20000d98        0x4 build/../../libmaple/libmaple/timer.o
                0x20000d98                TIMER2
 .data.TIMER3   0x20000d9c        0x4 build/../../libmaple/libmaple/timer.o
                0x20000d9c                TIMER3
 .data.TIMER4   0x20000da0        0x4 build/../../libmaple/libmaple/timer.o
                0x20000da0                TIMER4
 .data.timer1   0x20000da4       0x28 build/../../libmaple/libmaple/timer.o
 .data.timer2   0x20000dcc       0x24 build/../../libmaple/libmaple/timer.o
 .data.USART1   0x20000df0        0x4 build/../../libmaple/libmaple/usart.o
                0x20000df0                USART1
 .data.USART2   0x20000df4        0x4 build/../../libmaple/libmaple/usart.o
                0x20000df4                USART2
 .data.USART3   0x20000df8        0x4 build/../../libmaple/libmaple/usart.o
                0x20000df8                USART3
 .data.usart1   0x20000dfc       0x50 build/../../libmaple/libmaple/usart.o
 .data.usart2   0x20000e4c       0x50 build/../../libmaple/libmaple/usart.o
 .data.usart3   0x20000e9c       0x50 build/../../libmaple/libmaple/usart.o
 .data.USBLIB   0x20000eec        0x4 build/../../libmaple/libmaple/usb/usb.o
                0x20000eec                USBLIB
 .data.usblib   0x20000ef0       0x10 build/../../libmaple/libmaple/usb/usb.o
 .data.Device_Descriptor
                0x20000f00        0x8 build/../../libmaple/libmaple/usb/usb_cdcacm.o
                0x20000f00                Device_Descriptor
 .data.Config_Descriptor
                0x20000f08        0x8 build/../../libmaple/libmaple/usb/usb_cdcacm.o
                0x20000f08                Config_Descriptor
 .data.User_Standard_Requests
                0x20000f10       0x24 build/../../libmaple/libmaple/usb/usb_cdcacm.o
                0x20000f10                User_Standard_Requests
 .data.ep_int_in
                0x20000f34       0x1c build/../../libmaple/libmaple/usb/usb_cdcacm.o
 .data.maxNewBytes
                0x20000f50        0x4 build/../../libmaple/libmaple/usb/usb_cdcacm.o
                0x20000f50                maxNewBytes
 .data.ep_int_out
                0x20000f54       0x1c build/../../libmaple/libmaple/usb/usb_cdcacm.o
 .data.line_coding
                0x20000f70        0x8 build/../../libmaple/libmaple/usb/usb_cdcacm.o
                0x20000f70                line_coding
 .data.String_Descriptor
                0x20000f78       0x18 build/../../libmaple/libmaple/usb/usb_cdcacm.o
                0x20000f78                String_Descriptor
 .data.Device_Property
                0x20000f90       0x30 build/../../libmaple/libmaple/usb/usb_cdcacm.o
                0x20000f90                Device_Property
 .data.Device_Table
                0x20000fc0        0x4 build/../../libmaple/libmaple/usb/usb_cdcacm.o